Archive member included because of file (symbol)

c:/winavr-20100110/bin/../lib/gcc/avr/4.3.3/avr5\libgcc.a(_exit.o)
                              c:/winavr-20100110/bin/../lib/gcc/avr/4.3.3/../../../../avr/lib/avr5/crtm32.o (exit)
c:/winavr-20100110/bin/../lib/gcc/avr/4.3.3/avr5\libgcc.a(_copy_data.o)
                              ./SWD_prog.o (__do_copy_data)
c:/winavr-20100110/bin/../lib/gcc/avr/4.3.3/avr5\libgcc.a(_clear_bss.o)
                              ./SWD_prog.o (__do_clear_bss)

Memory Configuration

Name             Origin             Length             Attributes
text             0x00000000         0x00020000         xr
data             0x00800060         0x0000ffa0         rw !x
eeprom           0x00810000         0x00010000         rw !x
fuse             0x00820000         0x00000400         rw !x
lock             0x00830000         0x00000400         rw !x
signature        0x00840000         0x00000400         rw !x
*default*        0x00000000         0xffffffff

Linker script and memory map

LOAD c:/winavr-20100110/bin/../lib/gcc/avr/4.3.3/../../../../avr/lib/avr5/crtm32.o
LOAD ./DIO_prog.o
LOAD ./GIE_prog.o
LOAD ./SWD_prog.o
LOAD ./TIM_prog.o
LOAD ./main.o
LOAD c:/winavr-20100110/bin/../lib/gcc/avr/4.3.3/avr5\libgcc.a
LOAD c:/winavr-20100110/bin/../lib/gcc/avr/4.3.3/../../../../avr/lib/avr5\libc.a
LOAD c:/winavr-20100110/bin/../lib/gcc/avr/4.3.3/avr5\libgcc.a

.hash
 *(.hash)

.dynsym
 *(.dynsym)

.dynstr
 *(.dynstr)

.gnu.version
 *(.gnu.version)

.gnu.version_d
 *(.gnu.version_d)

.gnu.version_r
 *(.gnu.version_r)

.rel.init
 *(.rel.init)

.rela.init
 *(.rela.init)

.rel.text
 *(.rel.text)
 *(.rel.text.*)
 *(.rel.gnu.linkonce.t*)

.rela.text
 *(.rela.text)
 *(.rela.text.*)
 *(.rela.gnu.linkonce.t*)

.rel.fini
 *(.rel.fini)

.rela.fini
 *(.rela.fini)

.rel.rodata
 *(.rel.rodata)
 *(.rel.rodata.*)
 *(.rel.gnu.linkonce.r*)

.rela.rodata
 *(.rela.rodata)
 *(.rela.rodata.*)
 *(.rela.gnu.linkonce.r*)

.rel.data
 *(.rel.data)
 *(.rel.data.*)
 *(.rel.gnu.linkonce.d*)

.rela.data
 *(.rela.data)
 *(.rela.data.*)
 *(.rela.gnu.linkonce.d*)

.rel.ctors
 *(.rel.ctors)

.rela.ctors
 *(.rela.ctors)

.rel.dtors
 *(.rel.dtors)

.rela.dtors
 *(.rela.dtors)

.rel.got
 *(.rel.got)

.rela.got
 *(.rela.got)

.rel.bss
 *(.rel.bss)

.rela.bss
 *(.rela.bss)

.rel.plt
 *(.rel.plt)

.rela.plt
 *(.rela.plt)

.text           0x00000000     0x4270
 *(.vectors)
 .vectors       0x00000000       0x54 c:/winavr-20100110/bin/../lib/gcc/avr/4.3.3/../../../../avr/lib/avr5/crtm32.o
                0x00000000                __vectors
                0x00000000                __vector_default
 *(.vectors)
 *(.progmem.gcc*)
 *(.progmem*)
 .progmem.data  0x00000054     0x3b23 ./main.o
                0x00000054                nigry_raw
                0x00003b78                . = ALIGN (0x2)
 *fill*         0x00003b77        0x1 00
                0x00003b78                __trampolines_start = .
 *(.trampolines)
 .trampolines   0x00003b78        0x0 linker stubs
 *(.trampolines*)
                0x00003b78                __trampolines_end = .
 *(.jumptables)
 *(.jumptables*)
 *(.lowtext)
 *(.lowtext*)
                0x00003b78                __ctors_start = .
 *(.ctors)
                0x00003b78                __ctors_end = .
                0x00003b78                __dtors_start = .
 *(.dtors)
                0x00003b78                __dtors_end = .
 SORT(*)(.ctors)
 SORT(*)(.dtors)
 *(.init0)
 .init0         0x00003b78        0x0 c:/winavr-20100110/bin/../lib/gcc/avr/4.3.3/../../../../avr/lib/avr5/crtm32.o
                0x00003b78                __init
 *(.init0)
 *(.init1)
 *(.init1)
 *(.init2)
 .init2         0x00003b78        0xc c:/winavr-20100110/bin/../lib/gcc/avr/4.3.3/../../../../avr/lib/avr5/crtm32.o
 *(.init2)
 *(.init3)
 *(.init3)
 *(.init4)
 .init4         0x00003b84       0x16 c:/winavr-20100110/bin/../lib/gcc/avr/4.3.3/avr5\libgcc.a(_copy_data.o)
                0x00003b84                __do_copy_data
 .init4         0x00003b9a       0x10 c:/winavr-20100110/bin/../lib/gcc/avr/4.3.3/avr5\libgcc.a(_clear_bss.o)
                0x00003b9a                __do_clear_bss
 *(.init4)
 *(.init5)
 *(.init5)
 *(.init6)
 *(.init6)
 *(.init7)
 *(.init7)
 *(.init8)
 *(.init8)
 *(.init9)
 .init9         0x00003baa        0x8 c:/winavr-20100110/bin/../lib/gcc/avr/4.3.3/../../../../avr/lib/avr5/crtm32.o
 *(.init9)
 *(.text)
 .text          0x00003bb2        0x4 c:/winavr-20100110/bin/../lib/gcc/avr/4.3.3/../../../../avr/lib/avr5/crtm32.o
                0x00003bb2                __vector_1
                0x00003bb2                __vector_12
                0x00003bb2                __bad_interrupt
                0x00003bb2                __vector_6
                0x00003bb2                __vector_3
                0x00003bb2                __vector_13
                0x00003bb2                __vector_17
                0x00003bb2                __vector_19
                0x00003bb2                __vector_7
                0x00003bb2                __vector_5
                0x00003bb2                __vector_4
                0x00003bb2                __vector_9
                0x00003bb2                __vector_2
                0x00003bb2                __vector_15
                0x00003bb2                __vector_8
                0x00003bb2                __vector_14
                0x00003bb2                __vector_16
                0x00003bb2                __vector_18
                0x00003bb2                __vector_20
 .text          0x00003bb6        0x0 ./DIO_prog.o
 .text          0x00003bb6        0x0 ./GIE_prog.o
 .text          0x00003bb6        0x0 ./SWD_prog.o
 .text          0x00003bb6        0x0 ./TIM_prog.o
 .text          0x00003bb6        0x0 ./main.o
 .text          0x00003bb6        0x0 c:/winavr-20100110/bin/../lib/gcc/avr/4.3.3/avr5\libgcc.a(_exit.o)
 .text          0x00003bb6        0x0 c:/winavr-20100110/bin/../lib/gcc/avr/4.3.3/avr5\libgcc.a(_copy_data.o)
 .text          0x00003bb6        0x0 c:/winavr-20100110/bin/../lib/gcc/avr/4.3.3/avr5\libgcc.a(_clear_bss.o)
                0x00003bb6                . = ALIGN (0x2)
 *(.text.*)
 .text.DIO_voidInitialize
                0x00003bb6       0x2c ./DIO_prog.o
                0x00003bb6                DIO_voidInitialize
 .text.DIO_voidSetPinValue
                0x00003be2      0x1b2 ./DIO_prog.o
                0x00003be2                DIO_voidSetPinValue
 .text.DIO_u8GetPinValue
                0x00003d94      0x160 ./DIO_prog.o
                0x00003d94                DIO_u8GetPinValue
 .text.GIE_EnableGlobalInterrupt
                0x00003ef4       0x1c ./GIE_prog.o
                0x00003ef4                GIE_EnableGlobalInterrupt
 .text.GIE_DisableGlobalInterrupt
                0x00003f10       0x1c ./GIE_prog.o
                0x00003f10                GIE_DisableGlobalInterrupt
 .text.SWD_u8GetSwitchState
                0x00003f2c       0x6c ./SWD_prog.o
                0x00003f2c                SWD_u8GetSwitchState
 .text.TIM_voidInitialize
                0x00003f98       0x78 ./TIM_prog.o
                0x00003f98                TIM_voidInitialize
 .text.TIM_voidEnableInt
                0x00004010       0x1c ./TIM_prog.o
                0x00004010                TIM_voidEnableInt
 .text.TIM_voidDisableInt
                0x0000402c       0x1c ./TIM_prog.o
                0x0000402c                TIM_voidDisableInt
 .text.TIM_voidEnableIntCTC
                0x00004048       0x1c ./TIM_prog.o
                0x00004048                TIM_voidEnableIntCTC
 .text.TIM_voidDisableIntCTC
                0x00004064       0x1c ./TIM_prog.o
                0x00004064                TIM_voidDisableIntCTC
 .text.TIM_voidSetCallBack
                0x00004080       0x24 ./TIM_prog.o
                0x00004080                TIM_voidSetCallBack
 .text.TIM_voidSetCallBackCTC
                0x000040a4       0x24 ./TIM_prog.o
                0x000040a4                TIM_voidSetCallBackCTC
 .text.TIM_voidInitCountingRegister
                0x000040c8       0x1c ./TIM_prog.o
                0x000040c8                TIM_voidInitCountingRegister
 .text.TIM_voidInitCTCRegister
                0x000040e4       0x1c ./TIM_prog.o
                0x000040e4                TIM_voidInitCTCRegister
 .text.__vector_11
                0x00004100       0x5a ./TIM_prog.o
                0x00004100                __vector_11
 .text.__vector_10
                0x0000415a       0x5a ./TIM_prog.o
                0x0000415a                __vector_10
 .text.DAC_Song
                0x000041b4       0x4e ./main.o
                0x000041b4                DAC_Song
 .text.main     0x00004202       0x6a ./main.o
                0x00004202                main
 .text.libgcc   0x0000426c        0x0 c:/winavr-20100110/bin/../lib/gcc/avr/4.3.3/avr5\libgcc.a(_exit.o)
 .text.libgcc   0x0000426c        0x0 c:/winavr-20100110/bin/../lib/gcc/avr/4.3.3/avr5\libgcc.a(_copy_data.o)
 .text.libgcc   0x0000426c        0x0 c:/winavr-20100110/bin/../lib/gcc/avr/4.3.3/avr5\libgcc.a(_clear_bss.o)
                0x0000426c                . = ALIGN (0x2)
 *(.fini9)
 .fini9         0x0000426c        0x0 c:/winavr-20100110/bin/../lib/gcc/avr/4.3.3/avr5\libgcc.a(_exit.o)
                0x0000426c                exit
                0x0000426c                _exit
 *(.fini9)
 *(.fini8)
 *(.fini8)
 *(.fini7)
 *(.fini7)
 *(.fini6)
 *(.fini6)
 *(.fini5)
 *(.fini5)
 *(.fini4)
 *(.fini4)
 *(.fini3)
 *(.fini3)
 *(.fini2)
 *(.fini2)
 *(.fini1)
 *(.fini1)
 *(.fini0)
 .fini0         0x0000426c        0x4 c:/winavr-20100110/bin/../lib/gcc/avr/4.3.3/avr5\libgcc.a(_exit.o)
 *(.fini0)
                0x00004270                _etext = .

.data           0x00800060        0x4 load address 0x00004270
                0x00800060                PROVIDE (__data_start, .)
 *(.data)
 .data          0x00800060        0x0 c:/winavr-20100110/bin/../lib/gcc/avr/4.3.3/../../../../avr/lib/avr5/crtm32.o
 .data          0x00800060        0x0 ./DIO_prog.o
 .data          0x00800060        0x0 ./GIE_prog.o
 .data          0x00800060        0x0 ./SWD_prog.o
 .data          0x00800060        0x0 ./TIM_prog.o
 .data          0x00800060        0x0 ./main.o
 .data          0x00800060        0x0 c:/winavr-20100110/bin/../lib/gcc/avr/4.3.3/avr5\libgcc.a(_exit.o)
 .data          0x00800060        0x0 c:/winavr-20100110/bin/../lib/gcc/avr/4.3.3/avr5\libgcc.a(_copy_data.o)
 .data          0x00800060        0x0 c:/winavr-20100110/bin/../lib/gcc/avr/4.3.3/avr5\libgcc.a(_clear_bss.o)
 *(.data*)
 .data.SWD_u8SwToDioLink
                0x00800060        0x3 ./SWD_prog.o
                0x00800060                SWD_u8SwToDioLink
 *(.rodata)
 *(.rodata*)
 *(.gnu.linkonce.d*)
                0x00800064                . = ALIGN (0x2)
 *fill*         0x00800063        0x1 00
                0x00800064                _edata = .
                0x00800064                PROVIDE (__data_end, .)

.bss            0x00800064        0x9
                0x00800064                PROVIDE (__bss_start, .)
 *(.bss)
 .bss           0x00800064        0x0 c:/winavr-20100110/bin/../lib/gcc/avr/4.3.3/../../../../avr/lib/avr5/crtm32.o
 .bss           0x00800064        0x0 ./DIO_prog.o
 .bss           0x00800064        0x0 ./GIE_prog.o
 .bss           0x00800064        0x0 ./SWD_prog.o
 .bss           0x00800064        0x0 ./TIM_prog.o
 .bss           0x00800064        0x0 ./main.o
 .bss           0x00800064        0x0 c:/winavr-20100110/bin/../lib/gcc/avr/4.3.3/avr5\libgcc.a(_exit.o)
 .bss           0x00800064        0x0 c:/winavr-20100110/bin/../lib/gcc/avr/4.3.3/avr5\libgcc.a(_copy_data.o)
 .bss           0x00800064        0x0 c:/winavr-20100110/bin/../lib/gcc/avr/4.3.3/avr5\libgcc.a(_clear_bss.o)
 *(.bss*)
 .bss.SWD_u8SwOpenState
                0x00800064        0x3 ./SWD_prog.o
                0x00800064                SWD_u8SwOpenState
 .bss.TIM_CallBack
                0x00800067        0x2 ./TIM_prog.o
 .bss.TIM_CallBack_CTC
                0x00800069        0x2 ./TIM_prog.o
 .bss.i         0x0080006b        0x2 ./main.o
                0x0080006b                i
 *(COMMON)
                0x0080006d                PROVIDE (__bss_end, .)
                0x00004270                __data_load_start = LOADADDR (.data)
                0x00004274                __data_load_end = (__data_load_start + SIZEOF (.data))

.noinit         0x0080006d        0x0
                0x0080006d                PROVIDE (__noinit_start, .)
 *(.noinit*)
                0x0080006d                PROVIDE (__noinit_end, .)
                0x0080006d                _end = .
                0x0080006d                PROVIDE (__heap_start, .)

.eeprom         0x00810000        0x0
 *(.eeprom*)
                0x00810000                __eeprom_end = .

.fuse
 *(.fuse)
 *(.lfuse)
 *(.hfuse)
 *(.efuse)

.lock
 *(.lock*)

.signature
 *(.signature*)

.stab           0x00000000      0xd08
 *(.stab)
 .stab          0x00000000      0x408 ./DIO_prog.o
 .stab          0x00000408      0x144 ./GIE_prog.o
                                0x1bc (size before relaxing)
 .stab          0x0000054c      0x204 ./SWD_prog.o
                                0x27c (size before relaxing)
 .stab          0x00000750      0x390 ./TIM_prog.o
                                0x408 (size before relaxing)
 .stab          0x00000ae0      0x228 ./main.o
                                0x2d0 (size before relaxing)

.stabstr        0x00000000      0x715
 *(.stabstr)
 .stabstr       0x00000000      0x715 ./DIO_prog.o

.stab.excl
 *(.stab.excl)

.stab.exclstr
 *(.stab.exclstr)

.stab.index
 *(.stab.index)

.stab.indexstr
 *(.stab.indexstr)

.comment
 *(.comment)

.debug
 *(.debug)

.line
 *(.line)

.debug_srcinfo
 *(.debug_srcinfo)

.debug_sfnames
 *(.debug_sfnames)

.debug_aranges
 *(.debug_aranges)

.debug_pubnames
 *(.debug_pubnames)

.debug_info
 *(.debug_info)
 *(.gnu.linkonce.wi.*)

.debug_abbrev
 *(.debug_abbrev)

.debug_line
 *(.debug_line)

.debug_frame
 *(.debug_frame)

.debug_str
 *(.debug_str)

.debug_loc
 *(.debug_loc)

.debug_macinfo
 *(.debug_macinfo)
OUTPUT(audio_three_btns.elf elf32-avr)
LOAD linker stubs
