Archive member included because of file (symbol)

c:/winavr-20100110/bin/../lib/gcc/avr/4.3.3/avr5\libgcc.a(_mulsi3.o)
                              ./DELAY.o (__mulsi3)
c:/winavr-20100110/bin/../lib/gcc/avr/4.3.3/avr5\libgcc.a(_udivmodqi4.o)
                              ./main.o (__udivmodqi4)
c:/winavr-20100110/bin/../lib/gcc/avr/4.3.3/avr5\libgcc.a(_udivmodhi4.o)
                              ./main.o (__udivmodhi4)
c:/winavr-20100110/bin/../lib/gcc/avr/4.3.3/avr5\libgcc.a(_udivmodsi4.o)
                              ./DELAY.o (__udivmodsi4)
c:/winavr-20100110/bin/../lib/gcc/avr/4.3.3/avr5\libgcc.a(_exit.o)
                              c:/winavr-20100110/bin/../lib/gcc/avr/4.3.3/../../../../avr/lib/avr5/crtm32.o (exit)
c:/winavr-20100110/bin/../lib/gcc/avr/4.3.3/avr5\libgcc.a(_copy_data.o)
                              ./LCD_prog.o (__do_copy_data)
c:/winavr-20100110/bin/../lib/gcc/avr/4.3.3/avr5\libgcc.a(_clear_bss.o)
                              ./EXTI_prog.o (__do_clear_bss)

Memory Configuration

Name             Origin             Length             Attributes
text             0x00000000         0x00020000         xr
data             0x00800060         0x0000ffa0         rw !x
eeprom           0x00810000         0x00010000         rw !x
fuse             0x00820000         0x00000400         rw !x
lock             0x00830000         0x00000400         rw !x
signature        0x00840000         0x00000400         rw !x
*default*        0x00000000         0xffffffff

Linker script and memory map

LOAD c:/winavr-20100110/bin/../lib/gcc/avr/4.3.3/../../../../avr/lib/avr5/crtm32.o
LOAD ./DELAY.o
LOAD ./DIO_prog.o
LOAD ./EXTI_prog.o
LOAD ./GIE_prog.o
LOAD ./LCD_prog.o
LOAD ./TIM1_prog.o
LOAD ./TIM_prog.o
LOAD ./main.o
LOAD c:/winavr-20100110/bin/../lib/gcc/avr/4.3.3/avr5\libgcc.a
LOAD c:/winavr-20100110/bin/../lib/gcc/avr/4.3.3/../../../../avr/lib/avr5\libc.a
LOAD c:/winavr-20100110/bin/../lib/gcc/avr/4.3.3/avr5\libgcc.a

.hash
 *(.hash)

.dynsym
 *(.dynsym)

.dynstr
 *(.dynstr)

.gnu.version
 *(.gnu.version)

.gnu.version_d
 *(.gnu.version_d)

.gnu.version_r
 *(.gnu.version_r)

.rel.init
 *(.rel.init)

.rela.init
 *(.rela.init)

.rel.text
 *(.rel.text)
 *(.rel.text.*)
 *(.rel.gnu.linkonce.t*)

.rela.text
 *(.rela.text)
 *(.rela.text.*)
 *(.rela.gnu.linkonce.t*)

.rel.fini
 *(.rel.fini)

.rela.fini
 *(.rela.fini)

.rel.rodata
 *(.rel.rodata)
 *(.rel.rodata.*)
 *(.rel.gnu.linkonce.r*)

.rela.rodata
 *(.rela.rodata)
 *(.rela.rodata.*)
 *(.rela.gnu.linkonce.r*)

.rel.data
 *(.rel.data)
 *(.rel.data.*)
 *(.rel.gnu.linkonce.d*)

.rela.data
 *(.rela.data)
 *(.rela.data.*)
 *(.rela.gnu.linkonce.d*)

.rel.ctors
 *(.rel.ctors)

.rela.ctors
 *(.rela.ctors)

.rel.dtors
 *(.rel.dtors)

.rela.dtors
 *(.rela.dtors)

.rel.got
 *(.rel.got)

.rela.got
 *(.rela.got)

.rel.bss
 *(.rel.bss)

.rela.bss
 *(.rela.bss)

.rel.plt
 *(.rel.plt)

.rela.plt
 *(.rela.plt)

.text           0x00000000     0x101c
 *(.vectors)
 .vectors       0x00000000       0x54 c:/winavr-20100110/bin/../lib/gcc/avr/4.3.3/../../../../avr/lib/avr5/crtm32.o
                0x00000000                __vectors
                0x00000000                __vector_default
 *(.vectors)
 *(.progmem.gcc*)
 *(.progmem*)
                0x00000054                . = ALIGN (0x2)
                0x00000054                __trampolines_start = .
 *(.trampolines)
 .trampolines   0x00000054        0x0 linker stubs
 *(.trampolines*)
                0x00000054                __trampolines_end = .
 *(.jumptables)
 *(.jumptables*)
 *(.lowtext)
 *(.lowtext*)
                0x00000054                __ctors_start = .
 *(.ctors)
                0x00000054                __ctors_end = .
                0x00000054                __dtors_start = .
 *(.dtors)
                0x00000054                __dtors_end = .
 SORT(*)(.ctors)
 SORT(*)(.dtors)
 *(.init0)
 .init0         0x00000054        0x0 c:/winavr-20100110/bin/../lib/gcc/avr/4.3.3/../../../../avr/lib/avr5/crtm32.o
                0x00000054                __init
 *(.init0)
 *(.init1)
 *(.init1)
 *(.init2)
 .init2         0x00000054        0xc c:/winavr-20100110/bin/../lib/gcc/avr/4.3.3/../../../../avr/lib/avr5/crtm32.o
 *(.init2)
 *(.init3)
 *(.init3)
 *(.init4)
 .init4         0x00000060       0x16 c:/winavr-20100110/bin/../lib/gcc/avr/4.3.3/avr5\libgcc.a(_copy_data.o)
                0x00000060                __do_copy_data
 .init4         0x00000076       0x10 c:/winavr-20100110/bin/../lib/gcc/avr/4.3.3/avr5\libgcc.a(_clear_bss.o)
                0x00000076                __do_clear_bss
 *(.init4)
 *(.init5)
 *(.init5)
 *(.init6)
 *(.init6)
 *(.init7)
 *(.init7)
 *(.init8)
 *(.init8)
 *(.init9)
 .init9         0x00000086        0x8 c:/winavr-20100110/bin/../lib/gcc/avr/4.3.3/../../../../avr/lib/avr5/crtm32.o
 *(.init9)
 *(.text)
 .text          0x0000008e        0x4 c:/winavr-20100110/bin/../lib/gcc/avr/4.3.3/../../../../avr/lib/avr5/crtm32.o
                0x0000008e                __vector_12
                0x0000008e                __bad_interrupt
                0x0000008e                __vector_6
                0x0000008e                __vector_3
                0x0000008e                __vector_13
                0x0000008e                __vector_17
                0x0000008e                __vector_19
                0x0000008e                __vector_7
                0x0000008e                __vector_5
                0x0000008e                __vector_4
                0x0000008e                __vector_9
                0x0000008e                __vector_2
                0x0000008e                __vector_15
                0x0000008e                __vector_8
                0x0000008e                __vector_14
                0x0000008e                __vector_16
                0x0000008e                __vector_18
                0x0000008e                __vector_20
 .text          0x00000092        0x0 ./DELAY.o
 .text          0x00000092        0x0 ./DIO_prog.o
 .text          0x00000092        0x0 ./EXTI_prog.o
 .text          0x00000092        0x0 ./GIE_prog.o
 .text          0x00000092        0x0 ./LCD_prog.o
 .text          0x00000092        0x0 ./TIM1_prog.o
 .text          0x00000092        0x0 ./TIM_prog.o
 .text          0x00000092        0x0 ./main.o
 .text          0x00000092        0x0 c:/winavr-20100110/bin/../lib/gcc/avr/4.3.3/avr5\libgcc.a(_mulsi3.o)
 .text          0x00000092        0x0 c:/winavr-20100110/bin/../lib/gcc/avr/4.3.3/avr5\libgcc.a(_udivmodqi4.o)
 .text          0x00000092        0x0 c:/winavr-20100110/bin/../lib/gcc/avr/4.3.3/avr5\libgcc.a(_udivmodhi4.o)
 .text          0x00000092        0x0 c:/winavr-20100110/bin/../lib/gcc/avr/4.3.3/avr5\libgcc.a(_udivmodsi4.o)
 .text          0x00000092        0x0 c:/winavr-20100110/bin/../lib/gcc/avr/4.3.3/avr5\libgcc.a(_exit.o)
 .text          0x00000092        0x0 c:/winavr-20100110/bin/../lib/gcc/avr/4.3.3/avr5\libgcc.a(_copy_data.o)
 .text          0x00000092        0x0 c:/winavr-20100110/bin/../lib/gcc/avr/4.3.3/avr5\libgcc.a(_clear_bss.o)
                0x00000092                . = ALIGN (0x2)
 *(.text.*)
 .text.Delay_ms
                0x00000092       0x8e ./DELAY.o
                0x00000092                Delay_ms
 .text.Delay_us
                0x00000120       0xaa ./DELAY.o
                0x00000120                Delay_us
 .text.DIO_voidInitialize
                0x000001ca       0x2e ./DIO_prog.o
                0x000001ca                DIO_voidInitialize
 .text.DIO_voidSetPinValue
                0x000001f8      0x1b2 ./DIO_prog.o
                0x000001f8                DIO_voidSetPinValue
 .text.DIO_u8GetPinValue
                0x000003aa      0x160 ./DIO_prog.o
                0x000003aa                DIO_u8GetPinValue
 .text.EXTI_voidInit
                0x0000050a       0x46 ./EXTI_prog.o
                0x0000050a                EXTI_voidInit
 .text.EXTI_voidSetCallback
                0x00000550       0x24 ./EXTI_prog.o
                0x00000550                EXTI_voidSetCallback
 .text.EXTI_voidChangeMode
                0x00000574       0xa2 ./EXTI_prog.o
                0x00000574                EXTI_voidChangeMode
 .text.EXTI_voidEnable
                0x00000616       0x1c ./EXTI_prog.o
                0x00000616                EXTI_voidEnable
 .text.EXTI_voidDisable
                0x00000632       0x1c ./EXTI_prog.o
                0x00000632                EXTI_voidDisable
 .text.__vector_1
                0x0000064e       0x5a ./EXTI_prog.o
                0x0000064e                __vector_1
 .text.GIE_EnableGlobalInterrupt
                0x000006a8       0x1c ./GIE_prog.o
                0x000006a8                GIE_EnableGlobalInterrupt
 .text.GIE_DisableGlobalInterrupt
                0x000006c4       0x1c ./GIE_prog.o
                0x000006c4                GIE_DisableGlobalInterrupt
 .text.LCD_voidInitialize
                0x000006e0       0x50 ./LCD_prog.o
                0x000006e0                LCD_voidInitialize
 .text.voidWriteData
                0x00000730       0x22 ./LCD_prog.o
 .text.voidWriteCmd
                0x00000752       0x22 ./LCD_prog.o
 .text.voidLcdExecute
                0x00000774       0xac ./LCD_prog.o
 .text.LCD_voidWriteStringXY
                0x00000820       0x66 ./LCD_prog.o
                0x00000820                LCD_voidWriteStringXY
 .text.LCD_voidWriteStringCurrentPosition
                0x00000886       0x38 ./LCD_prog.o
                0x00000886                LCD_voidWriteStringCurrentPosition
 .text.LCD_voidClearDisplay
                0x000008be       0x20 ./LCD_prog.o
                0x000008be                LCD_voidClearDisplay
 .text.LCD_voidDrawCustomChar
                0x000008de       0x5e ./LCD_prog.o
                0x000008de                LCD_voidDrawCustomChar
 .text.LCD_voidWriteCustomChar
                0x0000093c       0x48 ./LCD_prog.o
                0x0000093c                LCD_voidWriteCustomChar
 .text.TIM1_voidNormalInitialize
                0x00000984       0x9a ./TIM1_prog.o
                0x00000984                TIM1_voidNormalInitialize
 .text.voidTIM1_StartCount
                0x00000a1e       0x1c ./TIM1_prog.o
                0x00000a1e                voidTIM1_StartCount
 .text.voidTIM1_StopCount
                0x00000a3a       0x38 ./TIM1_prog.o
                0x00000a3a                voidTIM1_StopCount
 .text.voidTIM1_EnableOverflowInterrupt
                0x00000a72       0x1c ./TIM1_prog.o
                0x00000a72                voidTIM1_EnableOverflowInterrupt
 .text.voidTIM1_DisableOverflowInterrupt
                0x00000a8e       0x1c ./TIM1_prog.o
                0x00000a8e                voidTIM1_DisableOverflowInterrupt
 .text.VoidTIM1_GetCounter
                0x00000aaa       0x16 ./TIM1_prog.o
                0x00000aaa                VoidTIM1_GetCounter
 .text.voidTIM1_ClearCounter
                0x00000ac0       0x16 ./TIM1_prog.o
                0x00000ac0                voidTIM1_ClearCounter
 .text.TIM_voidInitialize
                0x00000ad6       0x94 ./TIM_prog.o
                0x00000ad6                TIM_voidInitialize
 .text.TIM_voidEnableInt
                0x00000b6a       0x1c ./TIM_prog.o
                0x00000b6a                TIM_voidEnableInt
 .text.TIM_voidDisableInt
                0x00000b86       0x1c ./TIM_prog.o
                0x00000b86                TIM_voidDisableInt
 .text.TIM_voidEnableIntCTC
                0x00000ba2       0x1c ./TIM_prog.o
                0x00000ba2                TIM_voidEnableIntCTC
 .text.TIM_voidDisableIntCTC
                0x00000bbe       0x1c ./TIM_prog.o
                0x00000bbe                TIM_voidDisableIntCTC
 .text.TIM_voidSetCallBack
                0x00000bda       0x24 ./TIM_prog.o
                0x00000bda                TIM_voidSetCallBack
 .text.TIM_voidSetCallBackCTC
                0x00000bfe       0x24 ./TIM_prog.o
                0x00000bfe                TIM_voidSetCallBackCTC
 .text.TIM_voidInitCountingRegister
                0x00000c22       0x1c ./TIM_prog.o
                0x00000c22                TIM_voidInitCountingRegister
 .text.TIM_voidInitCTCRegister
                0x00000c3e       0x1c ./TIM_prog.o
                0x00000c3e                TIM_voidInitCTCRegister
 .text.__vector_11
                0x00000c5a       0x5a ./TIM_prog.o
                0x00000c5a                __vector_11
 .text.__vector_10
                0x00000cb4       0x5a ./TIM_prog.o
                0x00000cb4                __vector_10
 .text.getFreqancyData
                0x00000d0e       0x7a ./main.o
                0x00000d0e                getFreqancyData
 .text.main     0x00000d88      0x1ce ./main.o
                0x00000d88                main
 .text.libgcc   0x00000f56       0x3e c:/winavr-20100110/bin/../lib/gcc/avr/4.3.3/avr5\libgcc.a(_mulsi3.o)
                0x00000f56                __mulsi3
 .text.libgcc   0x00000f94       0x18 c:/winavr-20100110/bin/../lib/gcc/avr/4.3.3/avr5\libgcc.a(_udivmodqi4.o)
                0x00000f94                __udivmodqi4
 .text.libgcc   0x00000fac       0x28 c:/winavr-20100110/bin/../lib/gcc/avr/4.3.3/avr5\libgcc.a(_udivmodhi4.o)
                0x00000fac                __udivmodhi4
 .text.libgcc   0x00000fd4       0x44 c:/winavr-20100110/bin/../lib/gcc/avr/4.3.3/avr5\libgcc.a(_udivmodsi4.o)
                0x00000fd4                __udivmodsi4
 .text.libgcc   0x00001018        0x0 c:/winavr-20100110/bin/../lib/gcc/avr/4.3.3/avr5\libgcc.a(_exit.o)
 .text.libgcc   0x00001018        0x0 c:/winavr-20100110/bin/../lib/gcc/avr/4.3.3/avr5\libgcc.a(_copy_data.o)
 .text.libgcc   0x00001018        0x0 c:/winavr-20100110/bin/../lib/gcc/avr/4.3.3/avr5\libgcc.a(_clear_bss.o)
                0x00001018                . = ALIGN (0x2)
 *(.fini9)
 .fini9         0x00001018        0x0 c:/winavr-20100110/bin/../lib/gcc/avr/4.3.3/avr5\libgcc.a(_exit.o)
                0x00001018                exit
                0x00001018                _exit
 *(.fini9)
 *(.fini8)
 *(.fini8)
 *(.fini7)
 *(.fini7)
 *(.fini6)
 *(.fini6)
 *(.fini5)
 *(.fini5)
 *(.fini4)
 *(.fini4)
 *(.fini3)
 *(.fini3)
 *(.fini2)
 *(.fini2)
 *(.fini1)
 *(.fini1)
 *(.fini0)
 .fini0         0x00001018        0x4 c:/winavr-20100110/bin/../lib/gcc/avr/4.3.3/avr5\libgcc.a(_exit.o)
 *(.fini0)
                0x0000101c                _etext = .

.data           0x00800060       0x3c load address 0x0000101c
                0x00800060                PROVIDE (__data_start, .)
 *(.data)
 .data          0x00800060        0x0 c:/winavr-20100110/bin/../lib/gcc/avr/4.3.3/../../../../avr/lib/avr5/crtm32.o
 .data          0x00800060        0x0 ./DELAY.o
 .data          0x00800060        0x0 ./DIO_prog.o
 .data          0x00800060        0x0 ./EXTI_prog.o
 .data          0x00800060        0x0 ./GIE_prog.o
 .data          0x00800060        0x0 ./LCD_prog.o
 .data          0x00800060        0x0 ./TIM1_prog.o
 .data          0x00800060        0x0 ./TIM_prog.o
 .data          0x00800060       0x1e ./main.o
 .data          0x0080007e        0x0 c:/winavr-20100110/bin/../lib/gcc/avr/4.3.3/avr5\libgcc.a(_mulsi3.o)
 .data          0x0080007e        0x0 c:/winavr-20100110/bin/../lib/gcc/avr/4.3.3/avr5\libgcc.a(_udivmodqi4.o)
 .data          0x0080007e        0x0 c:/winavr-20100110/bin/../lib/gcc/avr/4.3.3/avr5\libgcc.a(_udivmodhi4.o)
 .data          0x0080007e        0x0 c:/winavr-20100110/bin/../lib/gcc/avr/4.3.3/avr5\libgcc.a(_udivmodsi4.o)
 .data          0x0080007e        0x0 c:/winavr-20100110/bin/../lib/gcc/avr/4.3.3/avr5\libgcc.a(_exit.o)
 .data          0x0080007e        0x0 c:/winavr-20100110/bin/../lib/gcc/avr/4.3.3/avr5\libgcc.a(_copy_data.o)
 .data          0x0080007e        0x0 c:/winavr-20100110/bin/../lib/gcc/avr/4.3.3/avr5\libgcc.a(_clear_bss.o)
 *(.data*)
 .data.u8LCDDataPins
                0x0080007e        0x8 ./LCD_prog.o
                0x0080007e                u8LCDDataPins
 .data.Xpos     0x00800086        0x1 ./main.o
 .data.Numbers  0x00800087       0x14 ./main.o
 *(.rodata)
 *(.rodata*)
 *(.gnu.linkonce.d*)
                0x0080009c                . = ALIGN (0x2)
 *fill*         0x0080009b        0x1 00
                0x0080009c                _edata = .
                0x0080009c                PROVIDE (__data_end, .)

.bss            0x0080009c        0xe
                0x0080009c                PROVIDE (__bss_start, .)
 *(.bss)
 .bss           0x0080009c        0x0 c:/winavr-20100110/bin/../lib/gcc/avr/4.3.3/../../../../avr/lib/avr5/crtm32.o
 .bss           0x0080009c        0x0 ./DELAY.o
 .bss           0x0080009c        0x0 ./DIO_prog.o
 .bss           0x0080009c        0x0 ./EXTI_prog.o
 .bss           0x0080009c        0x0 ./GIE_prog.o
 .bss           0x0080009c        0x0 ./LCD_prog.o
 .bss           0x0080009c        0x0 ./TIM1_prog.o
 .bss           0x0080009c        0x0 ./TIM_prog.o
 .bss           0x0080009c        0x0 ./main.o
 .bss           0x0080009c        0x0 c:/winavr-20100110/bin/../lib/gcc/avr/4.3.3/avr5\libgcc.a(_mulsi3.o)
 .bss           0x0080009c        0x0 c:/winavr-20100110/bin/../lib/gcc/avr/4.3.3/avr5\libgcc.a(_udivmodqi4.o)
 .bss           0x0080009c        0x0 c:/winavr-20100110/bin/../lib/gcc/avr/4.3.3/avr5\libgcc.a(_udivmodhi4.o)
 .bss           0x0080009c        0x0 c:/winavr-20100110/bin/../lib/gcc/avr/4.3.3/avr5\libgcc.a(_udivmodsi4.o)
 .bss           0x0080009c        0x0 c:/winavr-20100110/bin/../lib/gcc/avr/4.3.3/avr5\libgcc.a(_exit.o)
 .bss           0x0080009c        0x0 c:/winavr-20100110/bin/../lib/gcc/avr/4.3.3/avr5\libgcc.a(_copy_data.o)
 .bss           0x0080009c        0x0 c:/winavr-20100110/bin/../lib/gcc/avr/4.3.3/avr5\libgcc.a(_clear_bss.o)
 *(.bss*)
 .bss.EXTI_voidCallback
                0x0080009c        0x2 ./EXTI_prog.o
 .bss.TIM_CallBack
                0x0080009e        0x2 ./TIM_prog.o
 .bss.TIM_CallBack_CTC
                0x008000a0        0x2 ./TIM_prog.o
 .bss.flag      0x008000a2        0x1 ./main.o
 .bss.Ton       0x008000a3        0x2 ./main.o
 .bss.Toff      0x008000a5        0x2 ./main.o
 .bss.firstTime
                0x008000a7        0x1 ./main.o
 .bss.End       0x008000a8        0x1 ./main.o
 .bss.Write     0x008000a9        0x1 ./main.o
 *(COMMON)
                0x008000aa                PROVIDE (__bss_end, .)
                0x0000101c                __data_load_start = LOADADDR (.data)
                0x00001058                __data_load_end = (__data_load_start + SIZEOF (.data))

.noinit         0x008000aa        0x0
                0x008000aa                PROVIDE (__noinit_start, .)
 *(.noinit*)
                0x008000aa                PROVIDE (__noinit_end, .)
                0x008000aa                _end = .
                0x008000aa                PROVIDE (__heap_start, .)

.eeprom         0x00810000        0x0
 *(.eeprom*)
                0x00810000                __eeprom_end = .

.fuse
 *(.fuse)
 *(.lfuse)
 *(.hfuse)
 *(.efuse)

.lock
 *(.lock*)

.signature
 *(.signature*)

.stab           0x00000000     0x18fc
 *(.stab)
 .stab          0x00000000      0x27c ./DELAY.o
 .stab          0x0000027c      0x390 ./DIO_prog.o
                                0x408 (size before relaxing)
 .stab          0x0000060c      0x2d0 ./EXTI_prog.o
                                0x348 (size before relaxing)
 .stab          0x000008dc      0x144 ./GIE_prog.o
                                0x1bc (size before relaxing)
 .stab          0x00000a20      0x4b0 ./LCD_prog.o
                                0x528 (size before relaxing)
 .stab          0x00000ed0      0x2b8 ./TIM1_prog.o
                                0x330 (size before relaxing)
 .stab          0x00001188      0x3a8 ./TIM_prog.o
                                0x420 (size before relaxing)
 .stab          0x00001530      0x3cc ./main.o
                                0x444 (size before relaxing)

.stabstr        0x00000000      0xa94
 *(.stabstr)
 .stabstr       0x00000000      0xa94 ./DELAY.o

.stab.excl
 *(.stab.excl)

.stab.exclstr
 *(.stab.exclstr)

.stab.index
 *(.stab.index)

.stab.indexstr
 *(.stab.indexstr)

.comment
 *(.comment)

.debug
 *(.debug)

.line
 *(.line)

.debug_srcinfo
 *(.debug_srcinfo)

.debug_sfnames
 *(.debug_sfnames)

.debug_aranges
 *(.debug_aranges)

.debug_pubnames
 *(.debug_pubnames)

.debug_info
 *(.debug_info)
 *(.gnu.linkonce.wi.*)

.debug_abbrev
 *(.debug_abbrev)

.debug_line
 *(.debug_line)

.debug_frame
 *(.debug_frame)

.debug_str
 *(.debug_str)

.debug_loc
 *(.debug_loc)

.debug_macinfo
 *(.debug_macinfo)
OUTPUT(FreqReading.elf elf32-avr)
LOAD linker stubs
