Archive member included because of file (symbol)

c:/winavr-20100110/bin/../lib/gcc/avr/4.3.3/avr5\libgcc.a(_mulsi3.o)
                              ./DELAY.o (__mulsi3)
c:/winavr-20100110/bin/../lib/gcc/avr/4.3.3/avr5\libgcc.a(_udivmodqi4.o)
                              ./main.o (__udivmodqi4)
c:/winavr-20100110/bin/../lib/gcc/avr/4.3.3/avr5\libgcc.a(_udivmodsi4.o)
                              ./DELAY.o (__udivmodsi4)
c:/winavr-20100110/bin/../lib/gcc/avr/4.3.3/avr5\libgcc.a(_exit.o)
                              c:/winavr-20100110/bin/../lib/gcc/avr/4.3.3/../../../../avr/lib/avr5/crtm32.o (exit)
c:/winavr-20100110/bin/../lib/gcc/avr/4.3.3/avr5\libgcc.a(_copy_data.o)
                              ./LCD_prog.o (__do_copy_data)
c:/winavr-20100110/bin/../lib/gcc/avr/4.3.3/avr5\libgcc.a(_clear_bss.o)
                              ./RTO2_prog.o (__do_clear_bss)

Memory Configuration

Name             Origin             Length             Attributes
text             0x00000000         0x00020000         xr
data             0x00800060         0x0000ffa0         rw !x
eeprom           0x00810000         0x00010000         rw !x
fuse             0x00820000         0x00000400         rw !x
lock             0x00830000         0x00000400         rw !x
signature        0x00840000         0x00000400         rw !x
*default*        0x00000000         0xffffffff

Linker script and memory map

LOAD c:/winavr-20100110/bin/../lib/gcc/avr/4.3.3/../../../../avr/lib/avr5/crtm32.o
LOAD ./DELAY.o
LOAD ./DIO_prog.o
LOAD ./GIE_prog.o
LOAD ./LCD_prog.o
LOAD ./RTO2_prog.o
LOAD ./SWD_prog.o
LOAD ./TIM_prog.o
LOAD ./main.o
LOAD c:/winavr-20100110/bin/../lib/gcc/avr/4.3.3/avr5\libgcc.a
LOAD c:/winavr-20100110/bin/../lib/gcc/avr/4.3.3/../../../../avr/lib/avr5\libc.a
LOAD c:/winavr-20100110/bin/../lib/gcc/avr/4.3.3/avr5\libgcc.a

.hash
 *(.hash)

.dynsym
 *(.dynsym)

.dynstr
 *(.dynstr)

.gnu.version
 *(.gnu.version)

.gnu.version_d
 *(.gnu.version_d)

.gnu.version_r
 *(.gnu.version_r)

.rel.init
 *(.rel.init)

.rela.init
 *(.rela.init)

.rel.text
 *(.rel.text)
 *(.rel.text.*)
 *(.rel.gnu.linkonce.t*)

.rela.text
 *(.rela.text)
 *(.rela.text.*)
 *(.rela.gnu.linkonce.t*)

.rel.fini
 *(.rel.fini)

.rela.fini
 *(.rela.fini)

.rel.rodata
 *(.rel.rodata)
 *(.rel.rodata.*)
 *(.rel.gnu.linkonce.r*)

.rela.rodata
 *(.rela.rodata)
 *(.rela.rodata.*)
 *(.rela.gnu.linkonce.r*)

.rel.data
 *(.rel.data)
 *(.rel.data.*)
 *(.rel.gnu.linkonce.d*)

.rela.data
 *(.rela.data)
 *(.rela.data.*)
 *(.rela.gnu.linkonce.d*)

.rel.ctors
 *(.rel.ctors)

.rela.ctors
 *(.rela.ctors)

.rel.dtors
 *(.rel.dtors)

.rela.dtors
 *(.rela.dtors)

.rel.got
 *(.rel.got)

.rela.got
 *(.rela.got)

.rel.bss
 *(.rel.bss)

.rela.bss
 *(.rela.bss)

.rel.plt
 *(.rel.plt)

.rela.plt
 *(.rela.plt)

.text           0x00000000     0x11bc
 *(.vectors)
 .vectors       0x00000000       0x54 c:/winavr-20100110/bin/../lib/gcc/avr/4.3.3/../../../../avr/lib/avr5/crtm32.o
                0x00000000                __vectors
                0x00000000                __vector_default
 *(.vectors)
 *(.progmem.gcc*)
 *(.progmem*)
                0x00000054                . = ALIGN (0x2)
                0x00000054                __trampolines_start = .
 *(.trampolines)
 .trampolines   0x00000054        0x0 linker stubs
 *(.trampolines*)
                0x00000054                __trampolines_end = .
 *(.jumptables)
 *(.jumptables*)
 *(.lowtext)
 *(.lowtext*)
                0x00000054                __ctors_start = .
 *(.ctors)
                0x00000054                __ctors_end = .
                0x00000054                __dtors_start = .
 *(.dtors)
                0x00000054                __dtors_end = .
 SORT(*)(.ctors)
 SORT(*)(.dtors)
 *(.init0)
 .init0         0x00000054        0x0 c:/winavr-20100110/bin/../lib/gcc/avr/4.3.3/../../../../avr/lib/avr5/crtm32.o
                0x00000054                __init
 *(.init0)
 *(.init1)
 *(.init1)
 *(.init2)
 .init2         0x00000054        0xc c:/winavr-20100110/bin/../lib/gcc/avr/4.3.3/../../../../avr/lib/avr5/crtm32.o
 *(.init2)
 *(.init3)
 *(.init3)
 *(.init4)
 .init4         0x00000060       0x16 c:/winavr-20100110/bin/../lib/gcc/avr/4.3.3/avr5\libgcc.a(_copy_data.o)
                0x00000060                __do_copy_data
 .init4         0x00000076       0x10 c:/winavr-20100110/bin/../lib/gcc/avr/4.3.3/avr5\libgcc.a(_clear_bss.o)
                0x00000076                __do_clear_bss
 *(.init4)
 *(.init5)
 *(.init5)
 *(.init6)
 *(.init6)
 *(.init7)
 *(.init7)
 *(.init8)
 *(.init8)
 *(.init9)
 .init9         0x00000086        0x8 c:/winavr-20100110/bin/../lib/gcc/avr/4.3.3/../../../../avr/lib/avr5/crtm32.o
 *(.init9)
 *(.text)
 .text          0x0000008e        0x4 c:/winavr-20100110/bin/../lib/gcc/avr/4.3.3/../../../../avr/lib/avr5/crtm32.o
                0x0000008e                __vector_1
                0x0000008e                __vector_12
                0x0000008e                __bad_interrupt
                0x0000008e                __vector_6
                0x0000008e                __vector_3
                0x0000008e                __vector_13
                0x0000008e                __vector_17
                0x0000008e                __vector_19
                0x0000008e                __vector_7
                0x0000008e                __vector_5
                0x0000008e                __vector_4
                0x0000008e                __vector_9
                0x0000008e                __vector_2
                0x0000008e                __vector_15
                0x0000008e                __vector_8
                0x0000008e                __vector_14
                0x0000008e                __vector_10
                0x0000008e                __vector_16
                0x0000008e                __vector_18
                0x0000008e                __vector_20
 .text          0x00000092        0x0 ./DELAY.o
 .text          0x00000092        0x0 ./DIO_prog.o
 .text          0x00000092        0x0 ./GIE_prog.o
 .text          0x00000092        0x0 ./LCD_prog.o
 .text          0x00000092        0x0 ./RTO2_prog.o
 .text          0x00000092        0x0 ./SWD_prog.o
 .text          0x00000092        0x0 ./TIM_prog.o
 .text          0x00000092        0x0 ./main.o
 .text          0x00000092        0x0 c:/winavr-20100110/bin/../lib/gcc/avr/4.3.3/avr5\libgcc.a(_mulsi3.o)
 .text          0x00000092        0x0 c:/winavr-20100110/bin/../lib/gcc/avr/4.3.3/avr5\libgcc.a(_udivmodqi4.o)
 .text          0x00000092        0x0 c:/winavr-20100110/bin/../lib/gcc/avr/4.3.3/avr5\libgcc.a(_udivmodsi4.o)
 .text          0x00000092        0x0 c:/winavr-20100110/bin/../lib/gcc/avr/4.3.3/avr5\libgcc.a(_exit.o)
 .text          0x00000092        0x0 c:/winavr-20100110/bin/../lib/gcc/avr/4.3.3/avr5\libgcc.a(_copy_data.o)
 .text          0x00000092        0x0 c:/winavr-20100110/bin/../lib/gcc/avr/4.3.3/avr5\libgcc.a(_clear_bss.o)
                0x00000092                . = ALIGN (0x2)
 *(.text.*)
 .text.Delay_ms
                0x00000092       0x8e ./DELAY.o
                0x00000092                Delay_ms
 .text.Delay_us
                0x00000120       0xaa ./DELAY.o
                0x00000120                Delay_us
 .text.DIO_voidInitialize
                0x000001ca       0x2e ./DIO_prog.o
                0x000001ca                DIO_voidInitialize
 .text.DIO_voidSetPinValue
                0x000001f8      0x1b2 ./DIO_prog.o
                0x000001f8                DIO_voidSetPinValue
 .text.DIO_u8GetPinValue
                0x000003aa      0x160 ./DIO_prog.o
                0x000003aa                DIO_u8GetPinValue
 .text.GIE_EnableGlobalInterrupt
                0x0000050a       0x1c ./GIE_prog.o
                0x0000050a                GIE_EnableGlobalInterrupt
 .text.GIE_DisableGlobalInterrupt
                0x00000526       0x1c ./GIE_prog.o
                0x00000526                GIE_DisableGlobalInterrupt
 .text.LCD_voidInitialize
                0x00000542       0x50 ./LCD_prog.o
                0x00000542                LCD_voidInitialize
 .text.voidWriteData
                0x00000592       0x22 ./LCD_prog.o
 .text.voidWriteCmd
                0x000005b4       0x22 ./LCD_prog.o
 .text.voidLcdExecute
                0x000005d6       0xac ./LCD_prog.o
 .text.LCD_voidWriteStringXY
                0x00000682       0x66 ./LCD_prog.o
                0x00000682                LCD_voidWriteStringXY
 .text.LCD_voidWriteStringCurrentPosition
                0x000006e8       0x38 ./LCD_prog.o
                0x000006e8                LCD_voidWriteStringCurrentPosition
 .text.LCD_voidClearDisplay
                0x00000720       0x20 ./LCD_prog.o
                0x00000720                LCD_voidClearDisplay
 .text.LCD_voidDrawCustomChar
                0x00000740       0x5e ./LCD_prog.o
                0x00000740                LCD_voidDrawCustomChar
 .text.LCD_voidWriteCustomChar
                0x0000079e       0x48 ./LCD_prog.o
                0x0000079e                LCD_voidWriteCustomChar
 .text.RTO_voidSchedular
                0x000007e6      0x150 ./RTO2_prog.o
 .text.RTO_voidInitialize
                0x00000936       0xf4 ./RTO2_prog.o
                0x00000936                RTO_voidInitialize
 .text.RTO_voidCreateTask
                0x00000a2a       0x3c ./RTO2_prog.o
                0x00000a2a                RTO_voidCreateTask
 .text.RTO_voidDeleteTask
                0x00000a66       0x28 ./RTO2_prog.o
                0x00000a66                RTO_voidDeleteTask
 .text.RTO_voidSetTaskState
                0x00000a8e       0x32 ./RTO2_prog.o
                0x00000a8e                RTO_voidSetTaskState
 .text.SWD_u8GetSwitchState
                0x00000ac0       0x6c ./SWD_prog.o
                0x00000ac0                SWD_u8GetSwitchState
 .text.TIM_voidInitialize
                0x00000b2c       0x3a ./TIM_prog.o
                0x00000b2c                TIM_voidInitialize
 .text.TIM_voidEnableInt
                0x00000b66       0x1c ./TIM_prog.o
                0x00000b66                TIM_voidEnableInt
 .text.TIM_voidDisableInt
                0x00000b82       0x1c ./TIM_prog.o
                0x00000b82                TIM_voidDisableInt
 .text.TIM_voidSetCallBack
                0x00000b9e       0x24 ./TIM_prog.o
                0x00000b9e                TIM_voidSetCallBack
 .text.TIM_voidInitRegister
                0x00000bc2       0x1c ./TIM_prog.o
                0x00000bc2                TIM_voidInitRegister
 .text.__vector_11
                0x00000bde       0x5a ./TIM_prog.o
                0x00000bde                __vector_11
 .text.main     0x00000c38       0x72 ./main.o
                0x00000c38                main
 .text.draw     0x00000caa      0x116 ./main.o
                0x00000caa                draw
 .text.updateGame
                0x00000dc0       0x40 ./main.o
                0x00000dc0                updateGame
 .text.switches
                0x00000e00       0x96 ./main.o
                0x00000e00                switches
 .text.voidShiftRight
                0x00000e96       0x7e ./main.o
                0x00000e96                voidShiftRight
 .text.voidShiftUp
                0x00000f14       0xa8 ./main.o
                0x00000f14                voidShiftUp
 .text.Reset    0x00000fbc       0x3e ./main.o
                0x00000fbc                Reset
 .text.DisplayScore
                0x00000ffa      0x124 ./main.o
                0x00000ffa                DisplayScore
 .text.libgcc   0x0000111e       0x3e c:/winavr-20100110/bin/../lib/gcc/avr/4.3.3/avr5\libgcc.a(_mulsi3.o)
                0x0000111e                __mulsi3
 .text.libgcc   0x0000115c       0x18 c:/winavr-20100110/bin/../lib/gcc/avr/4.3.3/avr5\libgcc.a(_udivmodqi4.o)
                0x0000115c                __udivmodqi4
 .text.libgcc   0x00001174       0x44 c:/winavr-20100110/bin/../lib/gcc/avr/4.3.3/avr5\libgcc.a(_udivmodsi4.o)
                0x00001174                __udivmodsi4
 .text.libgcc   0x000011b8        0x0 c:/winavr-20100110/bin/../lib/gcc/avr/4.3.3/avr5\libgcc.a(_exit.o)
 .text.libgcc   0x000011b8        0x0 c:/winavr-20100110/bin/../lib/gcc/avr/4.3.3/avr5\libgcc.a(_copy_data.o)
 .text.libgcc   0x000011b8        0x0 c:/winavr-20100110/bin/../lib/gcc/avr/4.3.3/avr5\libgcc.a(_clear_bss.o)
                0x000011b8                . = ALIGN (0x2)
 *(.fini9)
 .fini9         0x000011b8        0x0 c:/winavr-20100110/bin/../lib/gcc/avr/4.3.3/avr5\libgcc.a(_exit.o)
                0x000011b8                exit
                0x000011b8                _exit
 *(.fini9)
 *(.fini8)
 *(.fini8)
 *(.fini7)
 *(.fini7)
 *(.fini6)
 *(.fini6)
 *(.fini5)
 *(.fini5)
 *(.fini4)
 *(.fini4)
 *(.fini3)
 *(.fini3)
 *(.fini2)
 *(.fini2)
 *(.fini1)
 *(.fini1)
 *(.fini0)
 .fini0         0x000011b8        0x4 c:/winavr-20100110/bin/../lib/gcc/avr/4.3.3/avr5\libgcc.a(_exit.o)
 *(.fini0)
                0x000011bc                _etext = .

.data           0x00800060       0x92 load address 0x000011bc
                0x00800060                PROVIDE (__data_start, .)
 *(.data)
 .data          0x00800060        0x0 c:/winavr-20100110/bin/../lib/gcc/avr/4.3.3/../../../../avr/lib/avr5/crtm32.o
 .data          0x00800060        0x0 ./DELAY.o
 .data          0x00800060        0x0 ./DIO_prog.o
 .data          0x00800060        0x0 ./GIE_prog.o
 .data          0x00800060        0x0 ./LCD_prog.o
 .data          0x00800060        0x0 ./RTO2_prog.o
 .data          0x00800060        0x0 ./SWD_prog.o
 .data          0x00800060        0x0 ./TIM_prog.o
 .data          0x00800060       0x38 ./main.o
 .data          0x00800098        0x0 c:/winavr-20100110/bin/../lib/gcc/avr/4.3.3/avr5\libgcc.a(_mulsi3.o)
 .data          0x00800098        0x0 c:/winavr-20100110/bin/../lib/gcc/avr/4.3.3/avr5\libgcc.a(_udivmodqi4.o)
 .data          0x00800098        0x0 c:/winavr-20100110/bin/../lib/gcc/avr/4.3.3/avr5\libgcc.a(_udivmodsi4.o)
 .data          0x00800098        0x0 c:/winavr-20100110/bin/../lib/gcc/avr/4.3.3/avr5\libgcc.a(_exit.o)
 .data          0x00800098        0x0 c:/winavr-20100110/bin/../lib/gcc/avr/4.3.3/avr5\libgcc.a(_copy_data.o)
 .data          0x00800098        0x0 c:/winavr-20100110/bin/../lib/gcc/avr/4.3.3/avr5\libgcc.a(_clear_bss.o)
 *(.data*)
 .data.u8LCDDataPins
                0x00800098        0x8 ./LCD_prog.o
                0x00800098                u8LCDDataPins
 .data.SWD_u8SwToDioLink
                0x008000a0        0x2 ./SWD_prog.o
                0x008000a0                SWD_u8SwToDioLink
 .data.arr      0x008000a2       0x14 ./main.o
                0x008000a2                arr
 .data.Duckbackup
                0x008000b6        0x8 ./main.o
                0x008000b6                Duckbackup
 .data.Duck     0x008000be        0x8 ./main.o
                0x008000be                Duck
 .data.kalb     0x008000c6        0x8 ./main.o
                0x008000c6                kalb
 .data.true     0x008000ce        0x8 ./main.o
                0x008000ce                true
 .data.u8ColsActivationLoc
                0x008000d6        0x8 ./main.o
                0x008000d6                u8ColsActivationLoc
 .data.drawOnScreen
                0x008000de        0x5 ./main.o
                0x008000de                drawOnScreen
 .data.switchTask
                0x008000e3        0x5 ./main.o
                0x008000e3                switchTask
 .data.updateTheGame
                0x008000e8        0x5 ./main.o
                0x008000e8                updateTheGame
 .data.updateLcd
                0x008000ed        0x5 ./main.o
                0x008000ed                updateLcd
 *(.rodata)
 *(.rodata*)
 *(.gnu.linkonce.d*)
                0x008000f2                . = ALIGN (0x2)
                0x008000f2                _edata = .
                0x008000f2                PROVIDE (__data_end, .)

.bss            0x008000f2       0x1b
                0x008000f2                PROVIDE (__bss_start, .)
 *(.bss)
 .bss           0x008000f2        0x0 c:/winavr-20100110/bin/../lib/gcc/avr/4.3.3/../../../../avr/lib/avr5/crtm32.o
 .bss           0x008000f2        0x0 ./DELAY.o
 .bss           0x008000f2        0x0 ./DIO_prog.o
 .bss           0x008000f2        0x0 ./GIE_prog.o
 .bss           0x008000f2        0x0 ./LCD_prog.o
 .bss           0x008000f2        0x0 ./RTO2_prog.o
 .bss           0x008000f2        0x0 ./SWD_prog.o
 .bss           0x008000f2        0x0 ./TIM_prog.o
 .bss           0x008000f2        0x0 ./main.o
 .bss           0x008000f2        0x0 c:/winavr-20100110/bin/../lib/gcc/avr/4.3.3/avr5\libgcc.a(_mulsi3.o)
 .bss           0x008000f2        0x0 c:/winavr-20100110/bin/../lib/gcc/avr/4.3.3/avr5\libgcc.a(_udivmodqi4.o)
 .bss           0x008000f2        0x0 c:/winavr-20100110/bin/../lib/gcc/avr/4.3.3/avr5\libgcc.a(_udivmodsi4.o)
 .bss           0x008000f2        0x0 c:/winavr-20100110/bin/../lib/gcc/avr/4.3.3/avr5\libgcc.a(_exit.o)
 .bss           0x008000f2        0x0 c:/winavr-20100110/bin/../lib/gcc/avr/4.3.3/avr5\libgcc.a(_copy_data.o)
 .bss           0x008000f2        0x0 c:/winavr-20100110/bin/../lib/gcc/avr/4.3.3/avr5\libgcc.a(_clear_bss.o)
 *(.bss*)
 .bss.RTO_u32OvfCount
                0x008000f2        0x4 ./RTO2_prog.o
                0x008000f2                RTO_u32OvfCount
 .bss.RTO_u8_INITValue
                0x008000f6        0x1 ./RTO2_prog.o
                0x008000f6                RTO_u8_INITValue
 .bss.RTO_u32OvfIncreament
                0x008000f7        0x4 ./RTO2_prog.o
                0x008000f7                RTO_u32OvfIncreament
 .bss.RTO_SYSTASKS
                0x008000fb        0x8 ./RTO2_prog.o
                0x008000fb                RTO_SYSTASKS
 .bss.SWD_u8SwOpenState
                0x00800103        0x2 ./SWD_prog.o
                0x00800103                SWD_u8SwOpenState
 .bss.TIM_CallBack
                0x00800105        0x2 ./TIM_prog.o
 .bss.counter   0x00800107        0x1 ./main.o
 .bss.counterMissed
                0x00800108        0x1 ./main.o
 .bss.win       0x00800109        0x1 ./main.o
                0x00800109                win
 .bss.lose      0x0080010a        0x1 ./main.o
                0x0080010a                lose
 .bss.hitOrMiss
                0x0080010b        0x1 ./main.o
                0x0080010b                hitOrMiss
 .bss.i.1285    0x0080010c        0x1 ./main.o
 *(COMMON)
                0x0080010d                PROVIDE (__bss_end, .)
                0x000011bc                __data_load_start = LOADADDR (.data)
                0x0000124e                __data_load_end = (__data_load_start + SIZEOF (.data))

.noinit         0x0080010d        0x0
                0x0080010d                PROVIDE (__noinit_start, .)
 *(.noinit*)
                0x0080010d                PROVIDE (__noinit_end, .)
                0x0080010d                _end = .
                0x0080010d                PROVIDE (__heap_start, .)

.eeprom         0x00810000        0x0
 *(.eeprom*)
                0x00810000                __eeprom_end = .

.fuse
 *(.fuse)
 *(.lfuse)
 *(.hfuse)
 *(.efuse)

.lock
 *(.lock*)

.signature
 *(.signature*)

.stab           0x00000000     0x1c74
 *(.stab)
 .stab          0x00000000      0x27c ./DELAY.o
 .stab          0x0000027c      0x390 ./DIO_prog.o
                                0x408 (size before relaxing)
 .stab          0x0000060c      0x144 ./GIE_prog.o
                                0x1bc (size before relaxing)
 .stab          0x00000750      0x4b0 ./LCD_prog.o
                                0x528 (size before relaxing)
 .stab          0x00000c00      0x39c ./RTO2_prog.o
                                0x414 (size before relaxing)
 .stab          0x00000f9c      0x204 ./SWD_prog.o
                                0x27c (size before relaxing)
 .stab          0x000011a0      0x24c ./TIM_prog.o
                                0x2c4 (size before relaxing)
 .stab          0x000013ec      0x888 ./main.o
                                0x948 (size before relaxing)

.stabstr        0x00000000      0xcd0
 *(.stabstr)
 .stabstr       0x00000000      0xcd0 ./DELAY.o

.stab.excl
 *(.stab.excl)

.stab.exclstr
 *(.stab.exclstr)

.stab.index
 *(.stab.index)

.stab.indexstr
 *(.stab.indexstr)

.comment
 *(.comment)

.debug
 *(.debug)

.line
 *(.line)

.debug_srcinfo
 *(.debug_srcinfo)

.debug_sfnames
 *(.debug_sfnames)

.debug_aranges
 *(.debug_aranges)

.debug_pubnames
 *(.debug_pubnames)

.debug_info
 *(.debug_info)
 *(.gnu.linkonce.wi.*)

.debug_abbrev
 *(.debug_abbrev)

.debug_line
 *(.debug_line)

.debug_frame
 *(.debug_frame)

.debug_str
 *(.debug_str)

.debug_loc
 *(.debug_loc)

.debug_macinfo
 *(.debug_macinfo)
OUTPUT(DuckGame.elf elf32-avr)
LOAD linker stubs
