Archive member included because of file (symbol)

c:/winavr-20100110/bin/../lib/gcc/avr/4.3.3/avr5\libgcc.a(_udivmodsi4.o)
                              ./RTO2_prog.o (__udivmodsi4)
c:/winavr-20100110/bin/../lib/gcc/avr/4.3.3/avr5\libgcc.a(_exit.o)
                              c:/winavr-20100110/bin/../lib/gcc/avr/4.3.3/../../../../avr/lib/avr5/crtm32.o (exit)
c:/winavr-20100110/bin/../lib/gcc/avr/4.3.3/avr5\libgcc.a(_copy_data.o)
                              ./main.o (__do_copy_data)
c:/winavr-20100110/bin/../lib/gcc/avr/4.3.3/avr5\libgcc.a(_clear_bss.o)
                              ./KEYPAD_prog.o (__do_clear_bss)

Memory Configuration

Name             Origin             Length             Attributes
text             0x00000000         0x00020000         xr
data             0x00800060         0x0000ffa0         rw !x
eeprom           0x00810000         0x00010000         rw !x
fuse             0x00820000         0x00000400         rw !x
lock             0x00830000         0x00000400         rw !x
signature        0x00840000         0x00000400         rw !x
*default*        0x00000000         0xffffffff

Linker script and memory map

LOAD c:/winavr-20100110/bin/../lib/gcc/avr/4.3.3/../../../../avr/lib/avr5/crtm32.o
LOAD ./DIO_prog.o
LOAD ./GIE_prog.o
LOAD ./KEYPAD_prog.o
LOAD ./RTO2_prog.o
LOAD ./TIM_prog.o
LOAD ./main.o
LOAD c:/winavr-20100110/bin/../lib/gcc/avr/4.3.3/avr5\libgcc.a
LOAD c:/winavr-20100110/bin/../lib/gcc/avr/4.3.3/../../../../avr/lib/avr5\libc.a
LOAD c:/winavr-20100110/bin/../lib/gcc/avr/4.3.3/avr5\libgcc.a

.hash
 *(.hash)

.dynsym
 *(.dynsym)

.dynstr
 *(.dynstr)

.gnu.version
 *(.gnu.version)

.gnu.version_d
 *(.gnu.version_d)

.gnu.version_r
 *(.gnu.version_r)

.rel.init
 *(.rel.init)

.rela.init
 *(.rela.init)

.rel.text
 *(.rel.text)
 *(.rel.text.*)
 *(.rel.gnu.linkonce.t*)

.rela.text
 *(.rela.text)
 *(.rela.text.*)
 *(.rela.gnu.linkonce.t*)

.rel.fini
 *(.rel.fini)

.rela.fini
 *(.rela.fini)

.rel.rodata
 *(.rel.rodata)
 *(.rel.rodata.*)
 *(.rel.gnu.linkonce.r*)

.rela.rodata
 *(.rela.rodata)
 *(.rela.rodata.*)
 *(.rela.gnu.linkonce.r*)

.rel.data
 *(.rel.data)
 *(.rel.data.*)
 *(.rel.gnu.linkonce.d*)

.rela.data
 *(.rela.data)
 *(.rela.data.*)
 *(.rela.gnu.linkonce.d*)

.rel.ctors
 *(.rel.ctors)

.rela.ctors
 *(.rela.ctors)

.rel.dtors
 *(.rel.dtors)

.rela.dtors
 *(.rela.dtors)

.rel.got
 *(.rel.got)

.rela.got
 *(.rela.got)

.rel.bss
 *(.rel.bss)

.rela.bss
 *(.rela.bss)

.rel.plt
 *(.rel.plt)

.rela.plt
 *(.rela.plt)

.text           0x00000000      0xb10
 *(.vectors)
 .vectors       0x00000000       0x54 c:/winavr-20100110/bin/../lib/gcc/avr/4.3.3/../../../../avr/lib/avr5/crtm32.o
                0x00000000                __vectors
                0x00000000                __vector_default
 *(.vectors)
 *(.progmem.gcc*)
 *(.progmem*)
                0x00000054                . = ALIGN (0x2)
                0x00000054                __trampolines_start = .
 *(.trampolines)
 .trampolines   0x00000054        0x0 linker stubs
 *(.trampolines*)
                0x00000054                __trampolines_end = .
 *(.jumptables)
 *(.jumptables*)
 *(.lowtext)
 *(.lowtext*)
                0x00000054                __ctors_start = .
 *(.ctors)
                0x00000054                __ctors_end = .
                0x00000054                __dtors_start = .
 *(.dtors)
                0x00000054                __dtors_end = .
 SORT(*)(.ctors)
 SORT(*)(.dtors)
 *(.init0)
 .init0         0x00000054        0x0 c:/winavr-20100110/bin/../lib/gcc/avr/4.3.3/../../../../avr/lib/avr5/crtm32.o
                0x00000054                __init
 *(.init0)
 *(.init1)
 *(.init1)
 *(.init2)
 .init2         0x00000054        0xc c:/winavr-20100110/bin/../lib/gcc/avr/4.3.3/../../../../avr/lib/avr5/crtm32.o
 *(.init2)
 *(.init3)
 *(.init3)
 *(.init4)
 .init4         0x00000060       0x16 c:/winavr-20100110/bin/../lib/gcc/avr/4.3.3/avr5\libgcc.a(_copy_data.o)
                0x00000060                __do_copy_data
 .init4         0x00000076       0x10 c:/winavr-20100110/bin/../lib/gcc/avr/4.3.3/avr5\libgcc.a(_clear_bss.o)
                0x00000076                __do_clear_bss
 *(.init4)
 *(.init5)
 *(.init5)
 *(.init6)
 *(.init6)
 *(.init7)
 *(.init7)
 *(.init8)
 *(.init8)
 *(.init9)
 .init9         0x00000086        0x8 c:/winavr-20100110/bin/../lib/gcc/avr/4.3.3/../../../../avr/lib/avr5/crtm32.o
 *(.init9)
 *(.text)
 .text          0x0000008e        0x4 c:/winavr-20100110/bin/../lib/gcc/avr/4.3.3/../../../../avr/lib/avr5/crtm32.o
                0x0000008e                __vector_1
                0x0000008e                __vector_12
                0x0000008e                __bad_interrupt
                0x0000008e                __vector_6
                0x0000008e                __vector_3
                0x0000008e                __vector_13
                0x0000008e                __vector_17
                0x0000008e                __vector_19
                0x0000008e                __vector_7
                0x0000008e                __vector_5
                0x0000008e                __vector_4
                0x0000008e                __vector_9
                0x0000008e                __vector_2
                0x0000008e                __vector_15
                0x0000008e                __vector_8
                0x0000008e                __vector_14
                0x0000008e                __vector_10
                0x0000008e                __vector_16
                0x0000008e                __vector_18
                0x0000008e                __vector_20
 .text          0x00000092        0x0 ./DIO_prog.o
 .text          0x00000092        0x0 ./GIE_prog.o
 .text          0x00000092        0x0 ./KEYPAD_prog.o
 .text          0x00000092        0x0 ./RTO2_prog.o
 .text          0x00000092        0x0 ./TIM_prog.o
 .text          0x00000092        0x0 ./main.o
 .text          0x00000092        0x0 c:/winavr-20100110/bin/../lib/gcc/avr/4.3.3/avr5\libgcc.a(_udivmodsi4.o)
 .text          0x00000092        0x0 c:/winavr-20100110/bin/../lib/gcc/avr/4.3.3/avr5\libgcc.a(_exit.o)
 .text          0x00000092        0x0 c:/winavr-20100110/bin/../lib/gcc/avr/4.3.3/avr5\libgcc.a(_copy_data.o)
 .text          0x00000092        0x0 c:/winavr-20100110/bin/../lib/gcc/avr/4.3.3/avr5\libgcc.a(_clear_bss.o)
                0x00000092                . = ALIGN (0x2)
 *(.text.*)
 .text.DIO_voidInitialize
                0x00000092       0x2c ./DIO_prog.o
                0x00000092                DIO_voidInitialize
 .text.DIO_voidSetPinValue
                0x000000be      0x1b2 ./DIO_prog.o
                0x000000be                DIO_voidSetPinValue
 .text.DIO_u8GetPinValue
                0x00000270      0x160 ./DIO_prog.o
                0x00000270                DIO_u8GetPinValue
 .text.GIE_EnableGlobalInterrupt
                0x000003d0       0x1c ./GIE_prog.o
                0x000003d0                GIE_EnableGlobalInterrupt
 .text.GIE_DisableGlobalInterrupt
                0x000003ec       0x1c ./GIE_prog.o
                0x000003ec                GIE_DisableGlobalInterrupt
 .text.KEYPAD_u16GetStatus
                0x00000408       0xb6 ./KEYPAD_prog.o
                0x00000408                KEYPAD_u16GetStatus
 .text.voidSetSwitchresult
                0x000004be       0xf6 ./KEYPAD_prog.o
 .text.RTO_voidSchedular
                0x000005b4      0x150 ./RTO2_prog.o
 .text.RTO_voidInitialize
                0x00000704       0xf4 ./RTO2_prog.o
                0x00000704                RTO_voidInitialize
 .text.RTO_voidCreateTask
                0x000007f8       0x3c ./RTO2_prog.o
                0x000007f8                RTO_voidCreateTask
 .text.RTO_voidDeleteTask
                0x00000834       0x28 ./RTO2_prog.o
                0x00000834                RTO_voidDeleteTask
 .text.RTO_voidSetTaskState
                0x0000085c       0x32 ./RTO2_prog.o
                0x0000085c                RTO_voidSetTaskState
 .text.TIM_voidInitialize
                0x0000088e       0x3a ./TIM_prog.o
                0x0000088e                TIM_voidInitialize
 .text.TIM_voidEnableInt
                0x000008c8       0x1c ./TIM_prog.o
                0x000008c8                TIM_voidEnableInt
 .text.TIM_voidDisableInt
                0x000008e4       0x1c ./TIM_prog.o
                0x000008e4                TIM_voidDisableInt
 .text.TIM_voidSetCallBack
                0x00000900       0x24 ./TIM_prog.o
                0x00000900                TIM_voidSetCallBack
 .text.TIM_voidInitRegister
                0x00000924       0x1c ./TIM_prog.o
                0x00000924                TIM_voidInitRegister
 .text.__vector_11
                0x00000940       0x5a ./TIM_prog.o
                0x00000940                __vector_11
 .text.main     0x0000099a       0x48 ./main.o
                0x0000099a                main
 .text.BuzzerTask
                0x000009e2       0x3a ./main.o
                0x000009e2                BuzzerTask
 .text.KeypadTask
                0x00000a1c       0xac ./main.o
                0x00000a1c                KeypadTask
 .text.libgcc   0x00000ac8       0x44 c:/winavr-20100110/bin/../lib/gcc/avr/4.3.3/avr5\libgcc.a(_udivmodsi4.o)
                0x00000ac8                __udivmodsi4
 .text.libgcc   0x00000b0c        0x0 c:/winavr-20100110/bin/../lib/gcc/avr/4.3.3/avr5\libgcc.a(_exit.o)
 .text.libgcc   0x00000b0c        0x0 c:/winavr-20100110/bin/../lib/gcc/avr/4.3.3/avr5\libgcc.a(_copy_data.o)
 .text.libgcc   0x00000b0c        0x0 c:/winavr-20100110/bin/../lib/gcc/avr/4.3.3/avr5\libgcc.a(_clear_bss.o)
                0x00000b0c                . = ALIGN (0x2)
 *(.fini9)
 .fini9         0x00000b0c        0x0 c:/winavr-20100110/bin/../lib/gcc/avr/4.3.3/avr5\libgcc.a(_exit.o)
                0x00000b0c                exit
                0x00000b0c                _exit
 *(.fini9)
 *(.fini8)
 *(.fini8)
 *(.fini7)
 *(.fini7)
 *(.fini6)
 *(.fini6)
 *(.fini5)
 *(.fini5)
 *(.fini4)
 *(.fini4)
 *(.fini3)
 *(.fini3)
 *(.fini2)
 *(.fini2)
 *(.fini1)
 *(.fini1)
 *(.fini0)
 .fini0         0x00000b0c        0x4 c:/winavr-20100110/bin/../lib/gcc/avr/4.3.3/avr5\libgcc.a(_exit.o)
 *(.fini0)
                0x00000b10                _etext = .

.data           0x00800060        0xa load address 0x00000b10
                0x00800060                PROVIDE (__data_start, .)
 *(.data)
 .data          0x00800060        0x0 c:/winavr-20100110/bin/../lib/gcc/avr/4.3.3/../../../../avr/lib/avr5/crtm32.o
 .data          0x00800060        0x0 ./DIO_prog.o
 .data          0x00800060        0x0 ./GIE_prog.o
 .data          0x00800060        0x0 ./KEYPAD_prog.o
 .data          0x00800060        0x0 ./RTO2_prog.o
 .data          0x00800060        0x0 ./TIM_prog.o
 .data          0x00800060        0x0 ./main.o
 .data          0x00800060        0x0 c:/winavr-20100110/bin/../lib/gcc/avr/4.3.3/avr5\libgcc.a(_udivmodsi4.o)
 .data          0x00800060        0x0 c:/winavr-20100110/bin/../lib/gcc/avr/4.3.3/avr5\libgcc.a(_exit.o)
 .data          0x00800060        0x0 c:/winavr-20100110/bin/../lib/gcc/avr/4.3.3/avr5\libgcc.a(_copy_data.o)
 .data          0x00800060        0x0 c:/winavr-20100110/bin/../lib/gcc/avr/4.3.3/avr5\libgcc.a(_clear_bss.o)
 *(.data*)
 .data.TaskKeypad
                0x00800060        0x5 ./main.o
                0x00800060                TaskKeypad
 .data.TaskBuzzer
                0x00800065        0x5 ./main.o
                0x00800065                TaskBuzzer
 *(.rodata)
 *(.rodata*)
 *(.gnu.linkonce.d*)
                0x0080006a                . = ALIGN (0x2)
                0x0080006a                _edata = .
                0x0080006a                PROVIDE (__data_end, .)

.bss            0x0080006a       0x14
                0x0080006a                PROVIDE (__bss_start, .)
 *(.bss)
 .bss           0x0080006a        0x0 c:/winavr-20100110/bin/../lib/gcc/avr/4.3.3/../../../../avr/lib/avr5/crtm32.o
 .bss           0x0080006a        0x0 ./DIO_prog.o
 .bss           0x0080006a        0x0 ./GIE_prog.o
 .bss           0x0080006a        0x0 ./KEYPAD_prog.o
 .bss           0x0080006a        0x0 ./RTO2_prog.o
 .bss           0x0080006a        0x0 ./TIM_prog.o
 .bss           0x0080006a        0x0 ./main.o
 .bss           0x0080006a        0x0 c:/winavr-20100110/bin/../lib/gcc/avr/4.3.3/avr5\libgcc.a(_udivmodsi4.o)
 .bss           0x0080006a        0x0 c:/winavr-20100110/bin/../lib/gcc/avr/4.3.3/avr5\libgcc.a(_exit.o)
 .bss           0x0080006a        0x0 c:/winavr-20100110/bin/../lib/gcc/avr/4.3.3/avr5\libgcc.a(_copy_data.o)
 .bss           0x0080006a        0x0 c:/winavr-20100110/bin/../lib/gcc/avr/4.3.3/avr5\libgcc.a(_clear_bss.o)
 *(.bss*)
 .bss.u16ResultLoc
                0x0080006a        0x2 ./KEYPAD_prog.o
 .bss.RTO_u32OvfCount
                0x0080006c        0x4 ./RTO2_prog.o
                0x0080006c                RTO_u32OvfCount
 .bss.RTO_u8_INITValue
                0x00800070        0x1 ./RTO2_prog.o
                0x00800070                RTO_u8_INITValue
 .bss.RTO_u32OvfIncreament
                0x00800071        0x4 ./RTO2_prog.o
                0x00800071                RTO_u32OvfIncreament
 .bss.RTO_SYSTASKS
                0x00800075        0x4 ./RTO2_prog.o
                0x00800075                RTO_SYSTASKS
 .bss.TIM_CallBack
                0x00800079        0x2 ./TIM_prog.o
 .bss.periodicity
                0x0080007b        0x1 ./main.o
                0x0080007b                periodicity
 .bss.onFlag    0x0080007c        0x1 ./main.o
 .bss.TaskCreated.1254
                0x0080007d        0x1 ./main.o
 *(COMMON)
                0x0080007e                PROVIDE (__bss_end, .)
                0x00000b10                __data_load_start = LOADADDR (.data)
                0x00000b1a                __data_load_end = (__data_load_start + SIZEOF (.data))

.noinit         0x0080007e        0x0
                0x0080007e                PROVIDE (__noinit_start, .)
 *(.noinit*)
                0x0080007e                PROVIDE (__noinit_end, .)
                0x0080007e                _end = .
                0x0080007e                PROVIDE (__heap_start, .)

.eeprom         0x00810000        0x0
 *(.eeprom*)
                0x00810000                __eeprom_end = .

.fuse
 *(.fuse)
 *(.lfuse)
 *(.hfuse)
 *(.efuse)

.lock
 *(.lock*)

.signature
 *(.signature*)

.stab           0x00000000     0x1110
 *(.stab)
 .stab          0x00000000      0x408 ./DIO_prog.o
 .stab          0x00000408      0x144 ./GIE_prog.o
                                0x1bc (size before relaxing)
 .stab          0x0000054c      0x2ac ./KEYPAD_prog.o
                                0x324 (size before relaxing)
 .stab          0x000007f8      0x39c ./RTO2_prog.o
                                0x414 (size before relaxing)
 .stab          0x00000b94      0x24c ./TIM_prog.o
                                0x2c4 (size before relaxing)
 .stab          0x00000de0      0x330 ./main.o
                                0x3c0 (size before relaxing)

.stabstr        0x00000000      0x7f9
 *(.stabstr)
 .stabstr       0x00000000      0x7f9 ./DIO_prog.o

.stab.excl
 *(.stab.excl)

.stab.exclstr
 *(.stab.exclstr)

.stab.index
 *(.stab.index)

.stab.indexstr
 *(.stab.indexstr)

.comment
 *(.comment)

.debug
 *(.debug)

.line
 *(.line)

.debug_srcinfo
 *(.debug_srcinfo)

.debug_sfnames
 *(.debug_sfnames)

.debug_aranges
 *(.debug_aranges)

.debug_pubnames
 *(.debug_pubnames)

.debug_info
 *(.debug_info)
 *(.gnu.linkonce.wi.*)

.debug_abbrev
 *(.debug_abbrev)

.debug_line
 *(.debug_line)

.debug_frame
 *(.debug_frame)

.debug_str
 *(.debug_str)

.debug_loc
 *(.debug_loc)

.debug_macinfo
 *(.debug_macinfo)
OUTPUT(digital_piano_RTO.elf elf32-avr)
LOAD linker stubs
