Archive member included because of file (symbol)

c:/winavr-20100110/bin/../lib/gcc/avr/4.3.3/avr5\libgcc.a(_mulsi3.o)
                              ./DELAY.o (__mulsi3)
c:/winavr-20100110/bin/../lib/gcc/avr/4.3.3/avr5\libgcc.a(_udivmodqi4.o)
                              ./main.o (__udivmodqi4)
c:/winavr-20100110/bin/../lib/gcc/avr/4.3.3/avr5\libgcc.a(_udivmodsi4.o)
                              ./DELAY.o (__udivmodsi4)
c:/winavr-20100110/bin/../lib/gcc/avr/4.3.3/avr5\libgcc.a(_exit.o)
                              c:/winavr-20100110/bin/../lib/gcc/avr/4.3.3/../../../../avr/lib/avr5/crtm32.o (exit)
c:/winavr-20100110/bin/../lib/gcc/avr/4.3.3/avr5\libgcc.a(_copy_data.o)
                              ./LCD_prog.o (__do_copy_data)
c:/winavr-20100110/bin/../lib/gcc/avr/4.3.3/avr5\libgcc.a(_clear_bss.o)
                              ./EXTI_prog.o (__do_clear_bss)

Memory Configuration

Name             Origin             Length             Attributes
text             0x00000000         0x00020000         xr
data             0x00800060         0x0000ffa0         rw !x
eeprom           0x00810000         0x00010000         rw !x
fuse             0x00820000         0x00000400         rw !x
lock             0x00830000         0x00000400         rw !x
signature        0x00840000         0x00000400         rw !x
*default*        0x00000000         0xffffffff

Linker script and memory map

LOAD c:/winavr-20100110/bin/../lib/gcc/avr/4.3.3/../../../../avr/lib/avr5/crtm32.o
LOAD ./DELAY.o
LOAD ./DIO_prog.o
LOAD ./EXTI_prog.o
LOAD ./GIE_prog.o
LOAD ./LCD_prog.o
LOAD ./TIM_prog.o
LOAD ./main.o
LOAD c:/winavr-20100110/bin/../lib/gcc/avr/4.3.3/avr5\libgcc.a
LOAD c:/winavr-20100110/bin/../lib/gcc/avr/4.3.3/../../../../avr/lib/avr5\libc.a
LOAD c:/winavr-20100110/bin/../lib/gcc/avr/4.3.3/avr5\libgcc.a

.hash
 *(.hash)

.dynsym
 *(.dynsym)

.dynstr
 *(.dynstr)

.gnu.version
 *(.gnu.version)

.gnu.version_d
 *(.gnu.version_d)

.gnu.version_r
 *(.gnu.version_r)

.rel.init
 *(.rel.init)

.rela.init
 *(.rela.init)

.rel.text
 *(.rel.text)
 *(.rel.text.*)
 *(.rel.gnu.linkonce.t*)

.rela.text
 *(.rela.text)
 *(.rela.text.*)
 *(.rela.gnu.linkonce.t*)

.rel.fini
 *(.rel.fini)

.rela.fini
 *(.rela.fini)

.rel.rodata
 *(.rel.rodata)
 *(.rel.rodata.*)
 *(.rel.gnu.linkonce.r*)

.rela.rodata
 *(.rela.rodata)
 *(.rela.rodata.*)
 *(.rela.gnu.linkonce.r*)

.rel.data
 *(.rel.data)
 *(.rel.data.*)
 *(.rel.gnu.linkonce.d*)

.rela.data
 *(.rela.data)
 *(.rela.data.*)
 *(.rela.gnu.linkonce.d*)

.rel.ctors
 *(.rel.ctors)

.rela.ctors
 *(.rela.ctors)

.rel.dtors
 *(.rel.dtors)

.rela.dtors
 *(.rela.dtors)

.rel.got
 *(.rel.got)

.rela.got
 *(.rela.got)

.rel.bss
 *(.rel.bss)

.rela.bss
 *(.rela.bss)

.rel.plt
 *(.rel.plt)

.rela.plt
 *(.rela.plt)

.text           0x00000000      0xed2
 *(.vectors)
 .vectors       0x00000000       0x54 c:/winavr-20100110/bin/../lib/gcc/avr/4.3.3/../../../../avr/lib/avr5/crtm32.o
                0x00000000                __vectors
                0x00000000                __vector_default
 *(.vectors)
 *(.progmem.gcc*)
 *(.progmem*)
                0x00000054                . = ALIGN (0x2)
                0x00000054                __trampolines_start = .
 *(.trampolines)
 .trampolines   0x00000054        0x0 linker stubs
 *(.trampolines*)
                0x00000054                __trampolines_end = .
 *(.jumptables)
 *(.jumptables*)
 *(.lowtext)
 *(.lowtext*)
                0x00000054                __ctors_start = .
 *(.ctors)
                0x00000054                __ctors_end = .
                0x00000054                __dtors_start = .
 *(.dtors)
                0x00000054                __dtors_end = .
 SORT(*)(.ctors)
 SORT(*)(.dtors)
 *(.init0)
 .init0         0x00000054        0x0 c:/winavr-20100110/bin/../lib/gcc/avr/4.3.3/../../../../avr/lib/avr5/crtm32.o
                0x00000054                __init
 *(.init0)
 *(.init1)
 *(.init1)
 *(.init2)
 .init2         0x00000054        0xc c:/winavr-20100110/bin/../lib/gcc/avr/4.3.3/../../../../avr/lib/avr5/crtm32.o
 *(.init2)
 *(.init3)
 *(.init3)
 *(.init4)
 .init4         0x00000060       0x16 c:/winavr-20100110/bin/../lib/gcc/avr/4.3.3/avr5\libgcc.a(_copy_data.o)
                0x00000060                __do_copy_data
 .init4         0x00000076       0x10 c:/winavr-20100110/bin/../lib/gcc/avr/4.3.3/avr5\libgcc.a(_clear_bss.o)
                0x00000076                __do_clear_bss
 *(.init4)
 *(.init5)
 *(.init5)
 *(.init6)
 *(.init6)
 *(.init7)
 *(.init7)
 *(.init8)
 *(.init8)
 *(.init9)
 .init9         0x00000086        0x8 c:/winavr-20100110/bin/../lib/gcc/avr/4.3.3/../../../../avr/lib/avr5/crtm32.o
 *(.init9)
 *(.text)
 .text          0x0000008e        0x4 c:/winavr-20100110/bin/../lib/gcc/avr/4.3.3/../../../../avr/lib/avr5/crtm32.o
                0x0000008e                __vector_12
                0x0000008e                __bad_interrupt
                0x0000008e                __vector_6
                0x0000008e                __vector_3
                0x0000008e                __vector_13
                0x0000008e                __vector_17
                0x0000008e                __vector_19
                0x0000008e                __vector_7
                0x0000008e                __vector_5
                0x0000008e                __vector_4
                0x0000008e                __vector_9
                0x0000008e                __vector_2
                0x0000008e                __vector_15
                0x0000008e                __vector_8
                0x0000008e                __vector_14
                0x0000008e                __vector_16
                0x0000008e                __vector_18
                0x0000008e                __vector_20
 .text          0x00000092        0x0 ./DELAY.o
 .text          0x00000092        0x0 ./DIO_prog.o
 .text          0x00000092        0x0 ./EXTI_prog.o
 .text          0x00000092        0x0 ./GIE_prog.o
 .text          0x00000092        0x0 ./LCD_prog.o
 .text          0x00000092        0x0 ./TIM_prog.o
 .text          0x00000092        0x0 ./main.o
 .text          0x00000092        0x0 c:/winavr-20100110/bin/../lib/gcc/avr/4.3.3/avr5\libgcc.a(_mulsi3.o)
 .text          0x00000092        0x0 c:/winavr-20100110/bin/../lib/gcc/avr/4.3.3/avr5\libgcc.a(_udivmodqi4.o)
 .text          0x00000092        0x0 c:/winavr-20100110/bin/../lib/gcc/avr/4.3.3/avr5\libgcc.a(_udivmodsi4.o)
 .text          0x00000092        0x0 c:/winavr-20100110/bin/../lib/gcc/avr/4.3.3/avr5\libgcc.a(_exit.o)
 .text          0x00000092        0x0 c:/winavr-20100110/bin/../lib/gcc/avr/4.3.3/avr5\libgcc.a(_copy_data.o)
 .text          0x00000092        0x0 c:/winavr-20100110/bin/../lib/gcc/avr/4.3.3/avr5\libgcc.a(_clear_bss.o)
                0x00000092                . = ALIGN (0x2)
 *(.text.*)
 .text.Delay_ms
                0x00000092       0x8e ./DELAY.o
                0x00000092                Delay_ms
 .text.Delay_us
                0x00000120       0xaa ./DELAY.o
                0x00000120                Delay_us
 .text.DIO_voidInitialize
                0x000001ca       0x2e ./DIO_prog.o
                0x000001ca                DIO_voidInitialize
 .text.DIO_voidSetPinValue
                0x000001f8      0x1b2 ./DIO_prog.o
                0x000001f8                DIO_voidSetPinValue
 .text.DIO_u8GetPinValue
                0x000003aa      0x160 ./DIO_prog.o
                0x000003aa                DIO_u8GetPinValue
 .text.EXTI_voidInit
                0x0000050a       0x46 ./EXTI_prog.o
                0x0000050a                EXTI_voidInit
 .text.EXTI_voidSetCallback
                0x00000550       0x24 ./EXTI_prog.o
                0x00000550                EXTI_voidSetCallback
 .text.EXTI_voidEnable
                0x00000574       0x1c ./EXTI_prog.o
                0x00000574                EXTI_voidEnable
 .text.EXTI_voidDisable
                0x00000590       0x1c ./EXTI_prog.o
                0x00000590                EXTI_voidDisable
 .text.__vector_1
                0x000005ac       0x5a ./EXTI_prog.o
                0x000005ac                __vector_1
 .text.GIE_EnableGlobalInterrupt
                0x00000606       0x1c ./GIE_prog.o
                0x00000606                GIE_EnableGlobalInterrupt
 .text.GIE_DisableGlobalInterrupt
                0x00000622       0x1c ./GIE_prog.o
                0x00000622                GIE_DisableGlobalInterrupt
 .text.LCD_voidInitialize
                0x0000063e       0x50 ./LCD_prog.o
                0x0000063e                LCD_voidInitialize
 .text.voidWriteData
                0x0000068e       0x22 ./LCD_prog.o
 .text.voidWriteCmd
                0x000006b0       0x22 ./LCD_prog.o
 .text.voidLcdExecute
                0x000006d2       0xac ./LCD_prog.o
 .text.LCD_voidWriteStringXY
                0x0000077e       0x66 ./LCD_prog.o
                0x0000077e                LCD_voidWriteStringXY
 .text.LCD_voidWriteStringCurrentPosition
                0x000007e4       0x38 ./LCD_prog.o
                0x000007e4                LCD_voidWriteStringCurrentPosition
 .text.LCD_voidClearDisplay
                0x0000081c       0x20 ./LCD_prog.o
                0x0000081c                LCD_voidClearDisplay
 .text.LCD_voidDrawCustomChar
                0x0000083c       0x5e ./LCD_prog.o
                0x0000083c                LCD_voidDrawCustomChar
 .text.LCD_voidWriteCustomChar
                0x0000089a       0x48 ./LCD_prog.o
                0x0000089a                LCD_voidWriteCustomChar
 .text.TIM_voidInitialize
                0x000008e2       0x94 ./TIM_prog.o
                0x000008e2                TIM_voidInitialize
 .text.TIM_voidEnableInt
                0x00000976       0x1c ./TIM_prog.o
                0x00000976                TIM_voidEnableInt
 .text.TIM_voidDisableInt
                0x00000992       0x1c ./TIM_prog.o
                0x00000992                TIM_voidDisableInt
 .text.TIM_voidEnableIntCTC
                0x000009ae       0x1c ./TIM_prog.o
                0x000009ae                TIM_voidEnableIntCTC
 .text.TIM_voidDisableIntCTC
                0x000009ca       0x1c ./TIM_prog.o
                0x000009ca                TIM_voidDisableIntCTC
 .text.TIM_voidSetCallBack
                0x000009e6       0x24 ./TIM_prog.o
                0x000009e6                TIM_voidSetCallBack
 .text.TIM_voidSetCallBackCTC
                0x00000a0a       0x24 ./TIM_prog.o
                0x00000a0a                TIM_voidSetCallBackCTC
 .text.TIM_voidInitCountingRegister
                0x00000a2e       0x1c ./TIM_prog.o
                0x00000a2e                TIM_voidInitCountingRegister
 .text.TIM_voidInitCTCRegister
                0x00000a4a       0x1c ./TIM_prog.o
                0x00000a4a                TIM_voidInitCTCRegister
 .text.__vector_11
                0x00000a66       0x5a ./TIM_prog.o
                0x00000a66                __vector_11
 .text.__vector_10
                0x00000ac0       0x5a ./TIM_prog.o
                0x00000ac0                __vector_10
 .text.parKCar  0x00000b1a       0x48 ./main.o
                0x00000b1a                parKCar
 .text.main     0x00000b62       0xac ./main.o
                0x00000b62                main
 .text.Motor    0x00000c0e      0x226 ./main.o
                0x00000c0e                Motor
 .text.libgcc   0x00000e34       0x3e c:/winavr-20100110/bin/../lib/gcc/avr/4.3.3/avr5\libgcc.a(_mulsi3.o)
                0x00000e34                __mulsi3
 .text.libgcc   0x00000e72       0x18 c:/winavr-20100110/bin/../lib/gcc/avr/4.3.3/avr5\libgcc.a(_udivmodqi4.o)
                0x00000e72                __udivmodqi4
 .text.libgcc   0x00000e8a       0x44 c:/winavr-20100110/bin/../lib/gcc/avr/4.3.3/avr5\libgcc.a(_udivmodsi4.o)
                0x00000e8a                __udivmodsi4
 .text.libgcc   0x00000ece        0x0 c:/winavr-20100110/bin/../lib/gcc/avr/4.3.3/avr5\libgcc.a(_exit.o)
 .text.libgcc   0x00000ece        0x0 c:/winavr-20100110/bin/../lib/gcc/avr/4.3.3/avr5\libgcc.a(_copy_data.o)
 .text.libgcc   0x00000ece        0x0 c:/winavr-20100110/bin/../lib/gcc/avr/4.3.3/avr5\libgcc.a(_clear_bss.o)
                0x00000ece                . = ALIGN (0x2)
 *(.fini9)
 .fini9         0x00000ece        0x0 c:/winavr-20100110/bin/../lib/gcc/avr/4.3.3/avr5\libgcc.a(_exit.o)
                0x00000ece                exit
                0x00000ece                _exit
 *(.fini9)
 *(.fini8)
 *(.fini8)
 *(.fini7)
 *(.fini7)
 *(.fini6)
 *(.fini6)
 *(.fini5)
 *(.fini5)
 *(.fini4)
 *(.fini4)
 *(.fini3)
 *(.fini3)
 *(.fini2)
 *(.fini2)
 *(.fini1)
 *(.fini1)
 *(.fini0)
 .fini0         0x00000ece        0x4 c:/winavr-20100110/bin/../lib/gcc/avr/4.3.3/avr5\libgcc.a(_exit.o)
 *(.fini0)
                0x00000ed2                _etext = .

.data           0x00800060       0x38 load address 0x00000ed2
                0x00800060                PROVIDE (__data_start, .)
 *(.data)
 .data          0x00800060        0x0 c:/winavr-20100110/bin/../lib/gcc/avr/4.3.3/../../../../avr/lib/avr5/crtm32.o
 .data          0x00800060        0x0 ./DELAY.o
 .data          0x00800060        0x0 ./DIO_prog.o
 .data          0x00800060        0x0 ./EXTI_prog.o
 .data          0x00800060        0x0 ./GIE_prog.o
 .data          0x00800060        0x0 ./LCD_prog.o
 .data          0x00800060        0x0 ./TIM_prog.o
 .data          0x00800060       0x1a ./main.o
 .data          0x0080007a        0x0 c:/winavr-20100110/bin/../lib/gcc/avr/4.3.3/avr5\libgcc.a(_mulsi3.o)
 .data          0x0080007a        0x0 c:/winavr-20100110/bin/../lib/gcc/avr/4.3.3/avr5\libgcc.a(_udivmodqi4.o)
 .data          0x0080007a        0x0 c:/winavr-20100110/bin/../lib/gcc/avr/4.3.3/avr5\libgcc.a(_udivmodsi4.o)
 .data          0x0080007a        0x0 c:/winavr-20100110/bin/../lib/gcc/avr/4.3.3/avr5\libgcc.a(_exit.o)
 .data          0x0080007a        0x0 c:/winavr-20100110/bin/../lib/gcc/avr/4.3.3/avr5\libgcc.a(_copy_data.o)
 .data          0x0080007a        0x0 c:/winavr-20100110/bin/../lib/gcc/avr/4.3.3/avr5\libgcc.a(_clear_bss.o)
 *(.data*)
 .data.u8LCDDataPins
                0x0080007a        0x8 ./LCD_prog.o
                0x0080007a                u8LCDDataPins
 .data.Exti_flag
                0x00800082        0x1 ./main.o
 .data.cars     0x00800083        0x1 ./main.o
 .data.arr      0x00800084       0x14 ./main.o
                0x00800084                arr
 *(.rodata)
 *(.rodata*)
 *(.gnu.linkonce.d*)
                0x00800098                . = ALIGN (0x2)
                0x00800098                _edata = .
                0x00800098                PROVIDE (__data_end, .)

.bss            0x00800098        0xa
                0x00800098                PROVIDE (__bss_start, .)
 *(.bss)
 .bss           0x00800098        0x0 c:/winavr-20100110/bin/../lib/gcc/avr/4.3.3/../../../../avr/lib/avr5/crtm32.o
 .bss           0x00800098        0x0 ./DELAY.o
 .bss           0x00800098        0x0 ./DIO_prog.o
 .bss           0x00800098        0x0 ./EXTI_prog.o
 .bss           0x00800098        0x0 ./GIE_prog.o
 .bss           0x00800098        0x0 ./LCD_prog.o
 .bss           0x00800098        0x0 ./TIM_prog.o
 .bss           0x00800098        0x0 ./main.o
 .bss           0x00800098        0x0 c:/winavr-20100110/bin/../lib/gcc/avr/4.3.3/avr5\libgcc.a(_mulsi3.o)
 .bss           0x00800098        0x0 c:/winavr-20100110/bin/../lib/gcc/avr/4.3.3/avr5\libgcc.a(_udivmodqi4.o)
 .bss           0x00800098        0x0 c:/winavr-20100110/bin/../lib/gcc/avr/4.3.3/avr5\libgcc.a(_udivmodsi4.o)
 .bss           0x00800098        0x0 c:/winavr-20100110/bin/../lib/gcc/avr/4.3.3/avr5\libgcc.a(_exit.o)
 .bss           0x00800098        0x0 c:/winavr-20100110/bin/../lib/gcc/avr/4.3.3/avr5\libgcc.a(_copy_data.o)
 .bss           0x00800098        0x0 c:/winavr-20100110/bin/../lib/gcc/avr/4.3.3/avr5\libgcc.a(_clear_bss.o)
 *(.bss*)
 .bss.EXTI_voidCallback
                0x00800098        0x2 ./EXTI_prog.o
 .bss.TIM_CallBack
                0x0080009a        0x2 ./TIM_prog.o
 .bss.TIM_CallBack_CTC
                0x0080009c        0x2 ./TIM_prog.o
 .bss.Exti_flag_back
                0x0080009e        0x1 ./main.o
 .bss.firsttime.1261
                0x0080009f        0x1 ./main.o
 .bss.digitOne  0x008000a0        0x1 ./main.o
 .bss.digitTwo  0x008000a1        0x1 ./main.o
 *(COMMON)
                0x008000a2                PROVIDE (__bss_end, .)
                0x00000ed2                __data_load_start = LOADADDR (.data)
                0x00000f0a                __data_load_end = (__data_load_start + SIZEOF (.data))

.noinit         0x008000a2        0x0
                0x008000a2                PROVIDE (__noinit_start, .)
 *(.noinit*)
                0x008000a2                PROVIDE (__noinit_end, .)
                0x008000a2                _end = .
                0x008000a2                PROVIDE (__heap_start, .)

.eeprom         0x00810000        0x0
 *(.eeprom*)
                0x00810000                __eeprom_end = .

.fuse
 *(.fuse)
 *(.lfuse)
 *(.hfuse)
 *(.efuse)

.lock
 *(.lock*)

.signature
 *(.signature*)

.stab           0x00000000     0x1710
 *(.stab)
 .stab          0x00000000      0x27c ./DELAY.o
 .stab          0x0000027c      0x390 ./DIO_prog.o
                                0x408 (size before relaxing)
 .stab          0x0000060c      0x210 ./EXTI_prog.o
                                0x288 (size before relaxing)
 .stab          0x0000081c      0x144 ./GIE_prog.o
                                0x1bc (size before relaxing)
 .stab          0x00000960      0x4b0 ./LCD_prog.o
                                0x528 (size before relaxing)
 .stab          0x00000e10      0x3a8 ./TIM_prog.o
                                0x420 (size before relaxing)
 .stab          0x000011b8      0x558 ./main.o
                                0x5d0 (size before relaxing)

.stabstr        0x00000000      0x96c
 *(.stabstr)
 .stabstr       0x00000000      0x96c ./DELAY.o

.stab.excl
 *(.stab.excl)

.stab.exclstr
 *(.stab.exclstr)

.stab.index
 *(.stab.index)

.stab.indexstr
 *(.stab.indexstr)

.comment
 *(.comment)

.debug
 *(.debug)

.line
 *(.line)

.debug_srcinfo
 *(.debug_srcinfo)

.debug_sfnames
 *(.debug_sfnames)

.debug_aranges
 *(.debug_aranges)

.debug_pubnames
 *(.debug_pubnames)

.debug_info
 *(.debug_info)
 *(.gnu.linkonce.wi.*)

.debug_abbrev
 *(.debug_abbrev)

.debug_line
 *(.debug_line)

.debug_frame
 *(.debug_frame)

.debug_str
 *(.debug_str)

.debug_loc
 *(.debug_loc)

.debug_macinfo
 *(.debug_macinfo)
OUTPUT(Car_Parking.elf elf32-avr)
LOAD linker stubs
