Archive member included because of file (symbol)

c:/winavr-20100110/bin/../lib/gcc/avr/4.3.3/avr5\libgcc.a(_mulsi3.o)
                              ./DELAY.o (__mulsi3)
c:/winavr-20100110/bin/../lib/gcc/avr/4.3.3/avr5\libgcc.a(_udivmodqi4.o)
                              ./RTO_prog.o (__udivmodqi4)
c:/winavr-20100110/bin/../lib/gcc/avr/4.3.3/avr5\libgcc.a(_udivmodsi4.o)
                              ./DELAY.o (__udivmodsi4)
c:/winavr-20100110/bin/../lib/gcc/avr/4.3.3/avr5\libgcc.a(_exit.o)
                              c:/winavr-20100110/bin/../lib/gcc/avr/4.3.3/../../../../avr/lib/avr5/crtm32.o (exit)
c:/winavr-20100110/bin/../lib/gcc/avr/4.3.3/avr5\libgcc.a(_copy_data.o)
                              ./LCD_prog.o (__do_copy_data)
c:/winavr-20100110/bin/../lib/gcc/avr/4.3.3/avr5\libgcc.a(_clear_bss.o)
                              ./RTO_prog.o (__do_clear_bss)

Memory Configuration

Name             Origin             Length             Attributes
text             0x00000000         0x00020000         xr
data             0x00800060         0x0000ffa0         rw !x
eeprom           0x00810000         0x00010000         rw !x
fuse             0x00820000         0x00000400         rw !x
lock             0x00830000         0x00000400         rw !x
signature        0x00840000         0x00000400         rw !x
*default*        0x00000000         0xffffffff

Linker script and memory map

LOAD c:/winavr-20100110/bin/../lib/gcc/avr/4.3.3/../../../../avr/lib/avr5/crtm32.o
LOAD ./DELAY.o
LOAD ./DIO_prog.o
LOAD ./GIE_prog.o
LOAD ./LCD_prog.o
LOAD ./LEDS_prog.o
LOAD ./RTO_prog.o
LOAD ./SEVENSEG_prog.o
LOAD ./TIMER0_prog.o
LOAD ./main.o
LOAD c:/winavr-20100110/bin/../lib/gcc/avr/4.3.3/avr5\libgcc.a
LOAD c:/winavr-20100110/bin/../lib/gcc/avr/4.3.3/../../../../avr/lib/avr5\libc.a
LOAD c:/winavr-20100110/bin/../lib/gcc/avr/4.3.3/avr5\libgcc.a

.hash
 *(.hash)

.dynsym
 *(.dynsym)

.dynstr
 *(.dynstr)

.gnu.version
 *(.gnu.version)

.gnu.version_d
 *(.gnu.version_d)

.gnu.version_r
 *(.gnu.version_r)

.rel.init
 *(.rel.init)

.rela.init
 *(.rela.init)

.rel.text
 *(.rel.text)
 *(.rel.text.*)
 *(.rel.gnu.linkonce.t*)

.rela.text
 *(.rela.text)
 *(.rela.text.*)
 *(.rela.gnu.linkonce.t*)

.rel.fini
 *(.rel.fini)

.rela.fini
 *(.rela.fini)

.rel.rodata
 *(.rel.rodata)
 *(.rel.rodata.*)
 *(.rel.gnu.linkonce.r*)

.rela.rodata
 *(.rela.rodata)
 *(.rela.rodata.*)
 *(.rela.gnu.linkonce.r*)

.rel.data
 *(.rel.data)
 *(.rel.data.*)
 *(.rel.gnu.linkonce.d*)

.rela.data
 *(.rela.data)
 *(.rela.data.*)
 *(.rela.gnu.linkonce.d*)

.rel.ctors
 *(.rel.ctors)

.rela.ctors
 *(.rela.ctors)

.rel.dtors
 *(.rel.dtors)

.rela.dtors
 *(.rela.dtors)

.rel.got
 *(.rel.got)

.rela.got
 *(.rela.got)

.rel.bss
 *(.rel.bss)

.rela.bss
 *(.rela.bss)

.rel.plt
 *(.rel.plt)

.rela.plt
 *(.rela.plt)

.text           0x00000000      0xe14
 *(.vectors)
 .vectors       0x00000000       0x54 c:/winavr-20100110/bin/../lib/gcc/avr/4.3.3/../../../../avr/lib/avr5/crtm32.o
                0x00000000                __vectors
                0x00000000                __vector_default
 *(.vectors)
 *(.progmem.gcc*)
 *(.progmem*)
                0x00000054                . = ALIGN (0x2)
                0x00000054                __trampolines_start = .
 *(.trampolines)
 .trampolines   0x00000054        0x0 linker stubs
 *(.trampolines*)
                0x00000054                __trampolines_end = .
 *(.jumptables)
 *(.jumptables*)
 *(.lowtext)
 *(.lowtext*)
                0x00000054                __ctors_start = .
 *(.ctors)
                0x00000054                __ctors_end = .
                0x00000054                __dtors_start = .
 *(.dtors)
                0x00000054                __dtors_end = .
 SORT(*)(.ctors)
 SORT(*)(.dtors)
 *(.init0)
 .init0         0x00000054        0x0 c:/winavr-20100110/bin/../lib/gcc/avr/4.3.3/../../../../avr/lib/avr5/crtm32.o
                0x00000054                __init
 *(.init0)
 *(.init1)
 *(.init1)
 *(.init2)
 .init2         0x00000054        0xc c:/winavr-20100110/bin/../lib/gcc/avr/4.3.3/../../../../avr/lib/avr5/crtm32.o
 *(.init2)
 *(.init3)
 *(.init3)
 *(.init4)
 .init4         0x00000060       0x16 c:/winavr-20100110/bin/../lib/gcc/avr/4.3.3/avr5\libgcc.a(_copy_data.o)
                0x00000060                __do_copy_data
 .init4         0x00000076       0x10 c:/winavr-20100110/bin/../lib/gcc/avr/4.3.3/avr5\libgcc.a(_clear_bss.o)
                0x00000076                __do_clear_bss
 *(.init4)
 *(.init5)
 *(.init5)
 *(.init6)
 *(.init6)
 *(.init7)
 *(.init7)
 *(.init8)
 *(.init8)
 *(.init9)
 .init9         0x00000086        0x8 c:/winavr-20100110/bin/../lib/gcc/avr/4.3.3/../../../../avr/lib/avr5/crtm32.o
 *(.init9)
 *(.text)
 .text          0x0000008e        0x4 c:/winavr-20100110/bin/../lib/gcc/avr/4.3.3/../../../../avr/lib/avr5/crtm32.o
                0x0000008e                __vector_1
                0x0000008e                __vector_12
                0x0000008e                __bad_interrupt
                0x0000008e                __vector_6
                0x0000008e                __vector_3
                0x0000008e                __vector_13
                0x0000008e                __vector_17
                0x0000008e                __vector_19
                0x0000008e                __vector_7
                0x0000008e                __vector_5
                0x0000008e                __vector_4
                0x0000008e                __vector_9
                0x0000008e                __vector_2
                0x0000008e                __vector_15
                0x0000008e                __vector_8
                0x0000008e                __vector_14
                0x0000008e                __vector_10
                0x0000008e                __vector_16
                0x0000008e                __vector_18
                0x0000008e                __vector_20
 .text          0x00000092        0x0 ./DELAY.o
 .text          0x00000092        0x0 ./DIO_prog.o
 .text          0x00000092        0x0 ./GIE_prog.o
 .text          0x00000092        0x0 ./LCD_prog.o
 .text          0x00000092        0x0 ./LEDS_prog.o
 .text          0x00000092        0x0 ./RTO_prog.o
 .text          0x00000092        0x0 ./SEVENSEG_prog.o
 .text          0x00000092        0x0 ./TIMER0_prog.o
 .text          0x00000092        0x0 ./main.o
 .text          0x00000092        0x0 c:/winavr-20100110/bin/../lib/gcc/avr/4.3.3/avr5\libgcc.a(_mulsi3.o)
 .text          0x00000092        0x0 c:/winavr-20100110/bin/../lib/gcc/avr/4.3.3/avr5\libgcc.a(_udivmodqi4.o)
 .text          0x00000092        0x0 c:/winavr-20100110/bin/../lib/gcc/avr/4.3.3/avr5\libgcc.a(_udivmodsi4.o)
 .text          0x00000092        0x0 c:/winavr-20100110/bin/../lib/gcc/avr/4.3.3/avr5\libgcc.a(_exit.o)
 .text          0x00000092        0x0 c:/winavr-20100110/bin/../lib/gcc/avr/4.3.3/avr5\libgcc.a(_copy_data.o)
 .text          0x00000092        0x0 c:/winavr-20100110/bin/../lib/gcc/avr/4.3.3/avr5\libgcc.a(_clear_bss.o)
                0x00000092                . = ALIGN (0x2)
 *(.text.*)
 .text.Delay_ms
                0x00000092       0x8e ./DELAY.o
                0x00000092                Delay_ms
 .text.Delay_us
                0x00000120       0xaa ./DELAY.o
                0x00000120                Delay_us
 .text.DIO_voidInitialize
                0x000001ca       0x2e ./DIO_prog.o
                0x000001ca                DIO_voidInitialize
 .text.DIO_voidSetPinValue
                0x000001f8      0x1b2 ./DIO_prog.o
                0x000001f8                DIO_voidSetPinValue
 .text.DIO_u8GetPinValue
                0x000003aa      0x160 ./DIO_prog.o
                0x000003aa                DIO_u8GetPinValue
 .text.GIE_EnableGlobalInterrupt
                0x0000050a       0x1c ./GIE_prog.o
                0x0000050a                GIE_EnableGlobalInterrupt
 .text.GIE_DisableGlobalInterrupt
                0x00000526       0x1c ./GIE_prog.o
                0x00000526                GIE_DisableGlobalInterrupt
 .text.LCD_voidInitialize
                0x00000542       0x50 ./LCD_prog.o
                0x00000542                LCD_voidInitialize
 .text.voidWriteData
                0x00000592       0x22 ./LCD_prog.o
 .text.voidWriteCmd
                0x000005b4       0x22 ./LCD_prog.o
 .text.voidLcdExecute
                0x000005d6       0xac ./LCD_prog.o
 .text.LCD_voidWriteStringXY
                0x00000682       0x66 ./LCD_prog.o
                0x00000682                LCD_voidWriteStringXY
 .text.LCD_voidWriteStringCurrentPosition
                0x000006e8       0x38 ./LCD_prog.o
                0x000006e8                LCD_voidWriteStringCurrentPosition
 .text.LCD_voidClearDisplay
                0x00000720       0x20 ./LCD_prog.o
                0x00000720                LCD_voidClearDisplay
 .text.LCD_voidDrawCustomChar
                0x00000740       0x5e ./LCD_prog.o
                0x00000740                LCD_voidDrawCustomChar
 .text.LCD_voidWriteCustomChar
                0x0000079e       0x48 ./LCD_prog.o
                0x0000079e                LCD_voidWriteCustomChar
 .text.LEDS_voidSetLedOn
                0x000007e6       0x56 ./LEDS_prog.o
                0x000007e6                LEDS_voidSetLedOn
 .text.LEDS_voidSetLedOff
                0x0000083c       0x56 ./LEDS_prog.o
                0x0000083c                LEDS_voidSetLedOff
 .text.scheduler
                0x00000892       0x74 ./RTO_prog.o
                0x00000892                scheduler
 .text.Timer0_init
                0x00000906       0x3a ./RTO_prog.o
                0x00000906                Timer0_init
 .text.__vector_11
                0x00000940       0xb2 ./RTO_prog.o
                0x00000940                __vector_11
 .text.SevenSeg_voidDisplayOnSeg
                0x000009f2      0x100 ./SEVENSEG_prog.o
                0x000009f2                SevenSeg_voidDisplayOnSeg
 .text.Leds_Task
                0x00000af2       0x94 ./main.o
                0x00000af2                Leds_Task
 .text.Motor_Task
                0x00000b86       0x4a ./main.o
                0x00000b86                Motor_Task
 .text.SevenSeg_Task
                0x00000bd0       0x66 ./main.o
                0x00000bd0                SevenSeg_Task
 .text.Buzzer_Task
                0x00000c36       0x48 ./main.o
                0x00000c36                Buzzer_Task
 .text.LCD_E_TASK
                0x00000c7e       0x64 ./main.o
                0x00000c7e                LCD_E_TASK
 .text.LCD_A_TASK
                0x00000ce2       0x66 ./main.o
                0x00000ce2                LCD_A_TASK
 .text.main     0x00000d48       0x2e ./main.o
                0x00000d48                main
 .text.libgcc   0x00000d76       0x3e c:/winavr-20100110/bin/../lib/gcc/avr/4.3.3/avr5\libgcc.a(_mulsi3.o)
                0x00000d76                __mulsi3
 .text.libgcc   0x00000db4       0x18 c:/winavr-20100110/bin/../lib/gcc/avr/4.3.3/avr5\libgcc.a(_udivmodqi4.o)
                0x00000db4                __udivmodqi4
 .text.libgcc   0x00000dcc       0x44 c:/winavr-20100110/bin/../lib/gcc/avr/4.3.3/avr5\libgcc.a(_udivmodsi4.o)
                0x00000dcc                __udivmodsi4
 .text.libgcc   0x00000e10        0x0 c:/winavr-20100110/bin/../lib/gcc/avr/4.3.3/avr5\libgcc.a(_exit.o)
 .text.libgcc   0x00000e10        0x0 c:/winavr-20100110/bin/../lib/gcc/avr/4.3.3/avr5\libgcc.a(_copy_data.o)
 .text.libgcc   0x00000e10        0x0 c:/winavr-20100110/bin/../lib/gcc/avr/4.3.3/avr5\libgcc.a(_clear_bss.o)
                0x00000e10                . = ALIGN (0x2)
 *(.fini9)
 .fini9         0x00000e10        0x0 c:/winavr-20100110/bin/../lib/gcc/avr/4.3.3/avr5\libgcc.a(_exit.o)
                0x00000e10                exit
                0x00000e10                _exit
 *(.fini9)
 *(.fini8)
 *(.fini8)
 *(.fini7)
 *(.fini7)
 *(.fini6)
 *(.fini6)
 *(.fini5)
 *(.fini5)
 *(.fini4)
 *(.fini4)
 *(.fini3)
 *(.fini3)
 *(.fini2)
 *(.fini2)
 *(.fini1)
 *(.fini1)
 *(.fini0)
 .fini0         0x00000e10        0x4 c:/winavr-20100110/bin/../lib/gcc/avr/4.3.3/avr5\libgcc.a(_exit.o)
 *(.fini0)
                0x00000e14                _etext = .

.data           0x00800060       0x5a load address 0x00000e14
                0x00800060                PROVIDE (__data_start, .)
 *(.data)
 .data          0x00800060        0x0 c:/winavr-20100110/bin/../lib/gcc/avr/4.3.3/../../../../avr/lib/avr5/crtm32.o
 .data          0x00800060        0x0 ./DELAY.o
 .data          0x00800060        0x0 ./DIO_prog.o
 .data          0x00800060        0x0 ./GIE_prog.o
 .data          0x00800060        0x0 ./LCD_prog.o
 .data          0x00800060        0x0 ./LEDS_prog.o
 .data          0x00800060        0x0 ./RTO_prog.o
 .data          0x00800060        0x0 ./SEVENSEG_prog.o
 .data          0x00800060        0x0 ./TIMER0_prog.o
 .data          0x00800060        0x6 ./main.o
 .data          0x00800066        0x0 c:/winavr-20100110/bin/../lib/gcc/avr/4.3.3/avr5\libgcc.a(_mulsi3.o)
 .data          0x00800066        0x0 c:/winavr-20100110/bin/../lib/gcc/avr/4.3.3/avr5\libgcc.a(_udivmodqi4.o)
 .data          0x00800066        0x0 c:/winavr-20100110/bin/../lib/gcc/avr/4.3.3/avr5\libgcc.a(_udivmodsi4.o)
 .data          0x00800066        0x0 c:/winavr-20100110/bin/../lib/gcc/avr/4.3.3/avr5\libgcc.a(_exit.o)
 .data          0x00800066        0x0 c:/winavr-20100110/bin/../lib/gcc/avr/4.3.3/avr5\libgcc.a(_copy_data.o)
 .data          0x00800066        0x0 c:/winavr-20100110/bin/../lib/gcc/avr/4.3.3/avr5\libgcc.a(_clear_bss.o)
 *(.data*)
 .data.u8LCDDataPins
                0x00800066        0x8 ./LCD_prog.o
                0x00800066                u8LCDDataPins
 .data.LEDS_u8LedToDioLink
                0x0080006e        0x8 ./LEDS_prog.o
                0x0080006e                LEDS_u8LedToDioLink
 .data.LEDS_u8LedMode
                0x00800076        0x8 ./LEDS_prog.o
                0x00800076                LEDS_u8LedMode
 .data.Timer_counter
                0x0080007e        0x4 ./RTO_prog.o
                0x0080007e                Timer_counter
 .data.SysTasks
                0x00800082       0x12 ./RTO_prog.o
                0x00800082                SysTasks
 .data.leds     0x00800094        0x8 ./main.o
                0x00800094                leds
 .data.segtable
                0x0080009c        0xa ./main.o
                0x0080009c                segtable
 .data.X_Eng    0x008000a6        0x1 ./main.o
 .data.X_AR     0x008000a7        0x1 ./main.o
 .data.Y_AR     0x008000a8        0x1 ./main.o
 .data.charcterOne
                0x008000a9        0x8 ./main.o
                0x008000a9                charcterOne
 .data.charcterTwo
                0x008000b1        0x8 ./main.o
                0x008000b1                charcterTwo
 *(.rodata)
 *(.rodata*)
 *(.gnu.linkonce.d*)
                0x008000ba                . = ALIGN (0x2)
 *fill*         0x008000b9        0x1 00
                0x008000ba                _edata = .
                0x008000ba                PROVIDE (__data_end, .)

.bss            0x008000ba        0x8
                0x008000ba                PROVIDE (__bss_start, .)
 *(.bss)
 .bss           0x008000ba        0x0 c:/winavr-20100110/bin/../lib/gcc/avr/4.3.3/../../../../avr/lib/avr5/crtm32.o
 .bss           0x008000ba        0x0 ./DELAY.o
 .bss           0x008000ba        0x0 ./DIO_prog.o
 .bss           0x008000ba        0x0 ./GIE_prog.o
 .bss           0x008000ba        0x0 ./LCD_prog.o
 .bss           0x008000ba        0x0 ./LEDS_prog.o
 .bss           0x008000ba        0x0 ./RTO_prog.o
 .bss           0x008000ba        0x0 ./SEVENSEG_prog.o
 .bss           0x008000ba        0x0 ./TIMER0_prog.o
 .bss           0x008000ba        0x0 ./main.o
 .bss           0x008000ba        0x0 c:/winavr-20100110/bin/../lib/gcc/avr/4.3.3/avr5\libgcc.a(_mulsi3.o)
 .bss           0x008000ba        0x0 c:/winavr-20100110/bin/../lib/gcc/avr/4.3.3/avr5\libgcc.a(_udivmodqi4.o)
 .bss           0x008000ba        0x0 c:/winavr-20100110/bin/../lib/gcc/avr/4.3.3/avr5\libgcc.a(_udivmodsi4.o)
 .bss           0x008000ba        0x0 c:/winavr-20100110/bin/../lib/gcc/avr/4.3.3/avr5\libgcc.a(_exit.o)
 .bss           0x008000ba        0x0 c:/winavr-20100110/bin/../lib/gcc/avr/4.3.3/avr5\libgcc.a(_copy_data.o)
 .bss           0x008000ba        0x0 c:/winavr-20100110/bin/../lib/gcc/avr/4.3.3/avr5\libgcc.a(_clear_bss.o)
 *(.bss*)
 .bss.u8Tick_counter
                0x008000ba        0x1 ./RTO_prog.o
                0x008000ba                u8Tick_counter
 .bss.Y_ENG     0x008000bb        0x1 ./main.o
 .bss.upflag.1245
                0x008000bc        0x1 ./main.o
 .bss.ledcounter.1244
                0x008000bd        0x1 ./main.o
 .bss.right.1279
                0x008000be        0x1 ./main.o
 .bss.upflagsegment.1291
                0x008000bf        0x1 ./main.o
 .bss.segment_counter.1290
                0x008000c0        0x1 ./main.o
 .bss.buzzercounter.1317
                0x008000c1        0x1 ./main.o
 *(COMMON)
                0x008000c2                PROVIDE (__bss_end, .)
                0x00000e14                __data_load_start = LOADADDR (.data)
                0x00000e6e                __data_load_end = (__data_load_start + SIZEOF (.data))

.noinit         0x008000c2        0x0
                0x008000c2                PROVIDE (__noinit_start, .)
 *(.noinit*)
                0x008000c2                PROVIDE (__noinit_end, .)
                0x008000c2                _end = .
                0x008000c2                PROVIDE (__heap_start, .)

.eeprom         0x00810000        0x0
 *(.eeprom*)
                0x00810000                __eeprom_end = .

.fuse
 *(.fuse)
 *(.lfuse)
 *(.hfuse)
 *(.efuse)

.lock
 *(.lock*)

.signature
 *(.signature*)

.stab           0x00000000     0x18b4
 *(.stab)
 .stab          0x00000000      0x27c ./DELAY.o
 .stab          0x0000027c      0x390 ./DIO_prog.o
                                0x408 (size before relaxing)
 .stab          0x0000060c      0x144 ./GIE_prog.o
                                0x1bc (size before relaxing)
 .stab          0x00000750      0x4b0 ./LCD_prog.o
                                0x528 (size before relaxing)
 .stab          0x00000c00      0x204 ./LEDS_prog.o
                                0x27c (size before relaxing)
 .stab          0x00000e04      0x24c ./RTO_prog.o
                                0x2c4 (size before relaxing)
 .stab          0x00001050      0x180 ./SEVENSEG_prog.o
                                0x1f8 (size before relaxing)
 .stab          0x000011d0       0xd8 ./TIMER0_prog.o
                                 0xe4 (size before relaxing)
 .stab          0x000012a8      0x60c ./main.o
                                0x6b4 (size before relaxing)

.stabstr        0x00000000      0xaf4
 *(.stabstr)
 .stabstr       0x00000000      0xaf4 ./DELAY.o

.stab.excl
 *(.stab.excl)

.stab.exclstr
 *(.stab.exclstr)

.stab.index
 *(.stab.index)

.stab.indexstr
 *(.stab.indexstr)

.comment
 *(.comment)

.debug
 *(.debug)

.line
 *(.line)

.debug_srcinfo
 *(.debug_srcinfo)

.debug_sfnames
 *(.debug_sfnames)

.debug_aranges
 *(.debug_aranges)

.debug_pubnames
 *(.debug_pubnames)

.debug_info
 *(.debug_info)
 *(.gnu.linkonce.wi.*)

.debug_abbrev
 *(.debug_abbrev)

.debug_line
 *(.debug_line)

.debug_frame
 *(.debug_frame)

.debug_str
 *(.debug_str)

.debug_loc
 *(.debug_loc)

.debug_macinfo
 *(.debug_macinfo)
OUTPUT(ProjectRTOS.elf elf32-avr)
LOAD linker stubs
