Archive member included because of file (symbol)

c:/winavr-20100110/bin/../lib/gcc/avr/4.3.3/avr5\libgcc.a(_mulsi3.o)
                              ./DELAY.o (__mulsi3)
c:/winavr-20100110/bin/../lib/gcc/avr/4.3.3/avr5\libgcc.a(_divmodqi4.o)
                              ./main.o (__divmodqi4)
c:/winavr-20100110/bin/../lib/gcc/avr/4.3.3/avr5\libgcc.a(_udivmodsi4.o)
                              ./DELAY.o (__udivmodsi4)
c:/winavr-20100110/bin/../lib/gcc/avr/4.3.3/avr5\libgcc.a(_exit.o)
                              c:/winavr-20100110/bin/../lib/gcc/avr/4.3.3/../../../../avr/lib/avr5/crtm32.o (exit)
c:/winavr-20100110/bin/../lib/gcc/avr/4.3.3/avr5\libgcc.a(_copy_data.o)
                              ./LCD_prog.o (__do_copy_data)
c:/winavr-20100110/bin/../lib/gcc/avr/4.3.3/avr5\libgcc.a(_clear_bss.o)
                              ./KEYPAD_prog.o (__do_clear_bss)
c:/winavr-20100110/bin/../lib/gcc/avr/4.3.3/avr5\libgcc.a(_udivmodqi4.o)
                              c:/winavr-20100110/bin/../lib/gcc/avr/4.3.3/avr5\libgcc.a(_divmodqi4.o) (__udivmodqi4)

Memory Configuration

Name             Origin             Length             Attributes
text             0x00000000         0x00020000         xr
data             0x00800060         0x0000ffa0         rw !x
eeprom           0x00810000         0x00010000         rw !x
fuse             0x00820000         0x00000400         rw !x
lock             0x00830000         0x00000400         rw !x
signature        0x00840000         0x00000400         rw !x
*default*        0x00000000         0xffffffff

Linker script and memory map

LOAD c:/winavr-20100110/bin/../lib/gcc/avr/4.3.3/../../../../avr/lib/avr5/crtm32.o
LOAD ./DELAY.o
LOAD ./DIO_prog.o
LOAD ./GIE_prog.o
LOAD ./KEYPAD_prog.o
LOAD ./LCD_prog.o
LOAD ./UART.o
LOAD ./UART_H.o
LOAD ./main.o
LOAD c:/winavr-20100110/bin/../lib/gcc/avr/4.3.3/avr5\libgcc.a
LOAD c:/winavr-20100110/bin/../lib/gcc/avr/4.3.3/../../../../avr/lib/avr5\libc.a
LOAD c:/winavr-20100110/bin/../lib/gcc/avr/4.3.3/avr5\libgcc.a

.hash
 *(.hash)

.dynsym
 *(.dynsym)

.dynstr
 *(.dynstr)

.gnu.version
 *(.gnu.version)

.gnu.version_d
 *(.gnu.version_d)

.gnu.version_r
 *(.gnu.version_r)

.rel.init
 *(.rel.init)

.rela.init
 *(.rela.init)

.rel.text
 *(.rel.text)
 *(.rel.text.*)
 *(.rel.gnu.linkonce.t*)

.rela.text
 *(.rela.text)
 *(.rela.text.*)
 *(.rela.gnu.linkonce.t*)

.rel.fini
 *(.rel.fini)

.rela.fini
 *(.rela.fini)

.rel.rodata
 *(.rel.rodata)
 *(.rel.rodata.*)
 *(.rel.gnu.linkonce.r*)

.rela.rodata
 *(.rela.rodata)
 *(.rela.rodata.*)
 *(.rela.gnu.linkonce.r*)

.rel.data
 *(.rel.data)
 *(.rel.data.*)
 *(.rel.gnu.linkonce.d*)

.rela.data
 *(.rela.data)
 *(.rela.data.*)
 *(.rela.gnu.linkonce.d*)

.rel.ctors
 *(.rel.ctors)

.rela.ctors
 *(.rela.ctors)

.rel.dtors
 *(.rel.dtors)

.rela.dtors
 *(.rela.dtors)

.rel.got
 *(.rel.got)

.rela.got
 *(.rela.got)

.rel.bss
 *(.rel.bss)

.rela.bss
 *(.rela.bss)

.rel.plt
 *(.rel.plt)

.rela.plt
 *(.rela.plt)

.text           0x00000000      0xdd4
 *(.vectors)
 .vectors       0x00000000       0x54 c:/winavr-20100110/bin/../lib/gcc/avr/4.3.3/../../../../avr/lib/avr5/crtm32.o
                0x00000000                __vectors
                0x00000000                __vector_default
 *(.vectors)
 *(.progmem.gcc*)
 *(.progmem*)
                0x00000054                . = ALIGN (0x2)
                0x00000054                __trampolines_start = .
 *(.trampolines)
 .trampolines   0x00000054        0x0 linker stubs
 *(.trampolines*)
                0x00000054                __trampolines_end = .
 *(.jumptables)
 *(.jumptables*)
 *(.lowtext)
 *(.lowtext*)
                0x00000054                __ctors_start = .
 *(.ctors)
                0x00000054                __ctors_end = .
                0x00000054                __dtors_start = .
 *(.dtors)
                0x00000054                __dtors_end = .
 SORT(*)(.ctors)
 SORT(*)(.dtors)
 *(.init0)
 .init0         0x00000054        0x0 c:/winavr-20100110/bin/../lib/gcc/avr/4.3.3/../../../../avr/lib/avr5/crtm32.o
                0x00000054                __init
 *(.init0)
 *(.init1)
 *(.init1)
 *(.init2)
 .init2         0x00000054        0xc c:/winavr-20100110/bin/../lib/gcc/avr/4.3.3/../../../../avr/lib/avr5/crtm32.o
 *(.init2)
 *(.init3)
 *(.init3)
 *(.init4)
 .init4         0x00000060       0x16 c:/winavr-20100110/bin/../lib/gcc/avr/4.3.3/avr5\libgcc.a(_copy_data.o)
                0x00000060                __do_copy_data
 .init4         0x00000076       0x10 c:/winavr-20100110/bin/../lib/gcc/avr/4.3.3/avr5\libgcc.a(_clear_bss.o)
                0x00000076                __do_clear_bss
 *(.init4)
 *(.init5)
 *(.init5)
 *(.init6)
 *(.init6)
 *(.init7)
 *(.init7)
 *(.init8)
 *(.init8)
 *(.init9)
 .init9         0x00000086        0x8 c:/winavr-20100110/bin/../lib/gcc/avr/4.3.3/../../../../avr/lib/avr5/crtm32.o
 *(.init9)
 *(.text)
 .text          0x0000008e        0x4 c:/winavr-20100110/bin/../lib/gcc/avr/4.3.3/../../../../avr/lib/avr5/crtm32.o
                0x0000008e                __vector_1
                0x0000008e                __vector_12
                0x0000008e                __bad_interrupt
                0x0000008e                __vector_6
                0x0000008e                __vector_3
                0x0000008e                __vector_11
                0x0000008e                __vector_17
                0x0000008e                __vector_19
                0x0000008e                __vector_7
                0x0000008e                __vector_5
                0x0000008e                __vector_4
                0x0000008e                __vector_9
                0x0000008e                __vector_2
                0x0000008e                __vector_15
                0x0000008e                __vector_8
                0x0000008e                __vector_14
                0x0000008e                __vector_10
                0x0000008e                __vector_16
                0x0000008e                __vector_18
                0x0000008e                __vector_20
 .text          0x00000092        0x0 ./DELAY.o
 .text          0x00000092        0x0 ./DIO_prog.o
 .text          0x00000092        0x0 ./GIE_prog.o
 .text          0x00000092        0x0 ./KEYPAD_prog.o
 .text          0x00000092        0x0 ./LCD_prog.o
 .text          0x00000092        0x0 ./UART.o
 .text          0x00000092        0x0 ./UART_H.o
 .text          0x00000092        0x0 ./main.o
 .text          0x00000092        0x0 c:/winavr-20100110/bin/../lib/gcc/avr/4.3.3/avr5\libgcc.a(_mulsi3.o)
 .text          0x00000092        0x0 c:/winavr-20100110/bin/../lib/gcc/avr/4.3.3/avr5\libgcc.a(_divmodqi4.o)
 .text          0x00000092        0x0 c:/winavr-20100110/bin/../lib/gcc/avr/4.3.3/avr5\libgcc.a(_udivmodsi4.o)
 .text          0x00000092        0x0 c:/winavr-20100110/bin/../lib/gcc/avr/4.3.3/avr5\libgcc.a(_exit.o)
 .text          0x00000092        0x0 c:/winavr-20100110/bin/../lib/gcc/avr/4.3.3/avr5\libgcc.a(_copy_data.o)
 .text          0x00000092        0x0 c:/winavr-20100110/bin/../lib/gcc/avr/4.3.3/avr5\libgcc.a(_clear_bss.o)
 .text          0x00000092        0x0 c:/winavr-20100110/bin/../lib/gcc/avr/4.3.3/avr5\libgcc.a(_udivmodqi4.o)
                0x00000092                . = ALIGN (0x2)
 *(.text.*)
 .text.Delay_ms
                0x00000092       0x8e ./DELAY.o
                0x00000092                Delay_ms
 .text.Delay_us
                0x00000120       0xaa ./DELAY.o
                0x00000120                Delay_us
 .text.DIO_voidInitialize
                0x000001ca       0x2e ./DIO_prog.o
                0x000001ca                DIO_voidInitialize
 .text.DIO_voidSetPinValue
                0x000001f8      0x1b2 ./DIO_prog.o
                0x000001f8                DIO_voidSetPinValue
 .text.DIO_u8GetPinValue
                0x000003aa      0x160 ./DIO_prog.o
                0x000003aa                DIO_u8GetPinValue
 .text.GIE_EnableGlobalInterrupt
                0x0000050a       0x1c ./GIE_prog.o
                0x0000050a                GIE_EnableGlobalInterrupt
 .text.GIE_DisableGlobalInterrupt
                0x00000526       0x1c ./GIE_prog.o
                0x00000526                GIE_DisableGlobalInterrupt
 .text.KEYPAD_u16GetStatus
                0x00000542       0xb6 ./KEYPAD_prog.o
                0x00000542                KEYPAD_u16GetStatus
 .text.voidSetSwitchresult
                0x000005f8       0xf6 ./KEYPAD_prog.o
 .text.LCD_voidInitialize
                0x000006ee       0x50 ./LCD_prog.o
                0x000006ee                LCD_voidInitialize
 .text.voidWriteData
                0x0000073e       0x22 ./LCD_prog.o
 .text.voidWriteCmd
                0x00000760       0x22 ./LCD_prog.o
 .text.voidLcdExecute
                0x00000782       0xac ./LCD_prog.o
 .text.LCD_voidWriteStringXY
                0x0000082e       0x66 ./LCD_prog.o
                0x0000082e                LCD_voidWriteStringXY
 .text.LCD_voidWriteStringCurrentPosition
                0x00000894       0x38 ./LCD_prog.o
                0x00000894                LCD_voidWriteStringCurrentPosition
 .text.LCD_voidClearDisplay
                0x000008cc       0x20 ./LCD_prog.o
                0x000008cc                LCD_voidClearDisplay
 .text.LCD_voidDrawCustomChar
                0x000008ec       0x5e ./LCD_prog.o
                0x000008ec                LCD_voidDrawCustomChar
 .text.LCD_voidWriteCustomChar
                0x0000094a       0x48 ./LCD_prog.o
                0x0000094a                LCD_voidWriteCustomChar
 .text.UART_voidInit
                0x00000992       0x68 ./UART.o
                0x00000992                UART_voidInit
 .text.UART_voidSend
                0x000009fa       0x4c ./UART.o
                0x000009fa                UART_voidSend
 .text.UART_u8ReceivePolling
                0x00000a46       0x2a ./UART.o
                0x00000a46                UART_u8ReceivePolling
 .text.UART_EnableRecieveInterrupt
                0x00000a70       0x1c ./UART.o
                0x00000a70                UART_EnableRecieveInterrupt
 .text.UART_DisableRecieveInterrupt
                0x00000a8c       0x1c ./UART.o
                0x00000a8c                UART_DisableRecieveInterrupt
 .text.Uart_Receive
                0x00000aa8       0x96 ./UART.o
                0x00000aa8                Uart_Receive
 .text.__vector_13
                0x00000b3e       0x54 ./UART.o
                0x00000b3e                __vector_13
 .text.UART_H_sendCommand
                0x00000b92       0x38 ./UART_H.o
                0x00000b92                UART_H_sendCommand
 .text.main     0x00000bca      0x152 ./main.o
                0x00000bca                main
 .text.libgcc   0x00000d1c       0x3e c:/winavr-20100110/bin/../lib/gcc/avr/4.3.3/avr5\libgcc.a(_mulsi3.o)
                0x00000d1c                __mulsi3
 .text.libgcc   0x00000d5a       0x1a c:/winavr-20100110/bin/../lib/gcc/avr/4.3.3/avr5\libgcc.a(_divmodqi4.o)
                0x00000d5a                __divmodqi4
 .text.libgcc   0x00000d74       0x44 c:/winavr-20100110/bin/../lib/gcc/avr/4.3.3/avr5\libgcc.a(_udivmodsi4.o)
                0x00000d74                __udivmodsi4
 .text.libgcc   0x00000db8        0x0 c:/winavr-20100110/bin/../lib/gcc/avr/4.3.3/avr5\libgcc.a(_exit.o)
 .text.libgcc   0x00000db8        0x0 c:/winavr-20100110/bin/../lib/gcc/avr/4.3.3/avr5\libgcc.a(_copy_data.o)
 .text.libgcc   0x00000db8        0x0 c:/winavr-20100110/bin/../lib/gcc/avr/4.3.3/avr5\libgcc.a(_clear_bss.o)
 .text.libgcc   0x00000db8       0x18 c:/winavr-20100110/bin/../lib/gcc/avr/4.3.3/avr5\libgcc.a(_udivmodqi4.o)
                0x00000db8                __udivmodqi4
                0x00000dd0                . = ALIGN (0x2)
 *(.fini9)
 .fini9         0x00000dd0        0x0 c:/winavr-20100110/bin/../lib/gcc/avr/4.3.3/avr5\libgcc.a(_exit.o)
                0x00000dd0                exit
                0x00000dd0                _exit
 *(.fini9)
 *(.fini8)
 *(.fini8)
 *(.fini7)
 *(.fini7)
 *(.fini6)
 *(.fini6)
 *(.fini5)
 *(.fini5)
 *(.fini4)
 *(.fini4)
 *(.fini3)
 *(.fini3)
 *(.fini2)
 *(.fini2)
 *(.fini1)
 *(.fini1)
 *(.fini0)
 .fini0         0x00000dd0        0x4 c:/winavr-20100110/bin/../lib/gcc/avr/4.3.3/avr5\libgcc.a(_exit.o)
 *(.fini0)
                0x00000dd4                _etext = .

.data           0x00800060        0x8 load address 0x00000dd4
                0x00800060                PROVIDE (__data_start, .)
 *(.data)
 .data          0x00800060        0x0 c:/winavr-20100110/bin/../lib/gcc/avr/4.3.3/../../../../avr/lib/avr5/crtm32.o
 .data          0x00800060        0x0 ./DELAY.o
 .data          0x00800060        0x0 ./DIO_prog.o
 .data          0x00800060        0x0 ./GIE_prog.o
 .data          0x00800060        0x0 ./KEYPAD_prog.o
 .data          0x00800060        0x0 ./LCD_prog.o
 .data          0x00800060        0x0 ./UART.o
 .data          0x00800060        0x0 ./UART_H.o
 .data          0x00800060        0x0 ./main.o
 .data          0x00800060        0x0 c:/winavr-20100110/bin/../lib/gcc/avr/4.3.3/avr5\libgcc.a(_mulsi3.o)
 .data          0x00800060        0x0 c:/winavr-20100110/bin/../lib/gcc/avr/4.3.3/avr5\libgcc.a(_divmodqi4.o)
 .data          0x00800060        0x0 c:/winavr-20100110/bin/../lib/gcc/avr/4.3.3/avr5\libgcc.a(_udivmodsi4.o)
 .data          0x00800060        0x0 c:/winavr-20100110/bin/../lib/gcc/avr/4.3.3/avr5\libgcc.a(_exit.o)
 .data          0x00800060        0x0 c:/winavr-20100110/bin/../lib/gcc/avr/4.3.3/avr5\libgcc.a(_copy_data.o)
 .data          0x00800060        0x0 c:/winavr-20100110/bin/../lib/gcc/avr/4.3.3/avr5\libgcc.a(_clear_bss.o)
 .data          0x00800060        0x0 c:/winavr-20100110/bin/../lib/gcc/avr/4.3.3/avr5\libgcc.a(_udivmodqi4.o)
 *(.data*)
 .data.u8LCDDataPins
                0x00800060        0x8 ./LCD_prog.o
                0x00800060                u8LCDDataPins
 *(.rodata)
 *(.rodata*)
 *(.gnu.linkonce.d*)
                0x00800068                . = ALIGN (0x2)
                0x00800068                _edata = .
                0x00800068                PROVIDE (__data_end, .)

.bss            0x00800068       0x17
                0x00800068                PROVIDE (__bss_start, .)
 *(.bss)
 .bss           0x00800068        0x0 c:/winavr-20100110/bin/../lib/gcc/avr/4.3.3/../../../../avr/lib/avr5/crtm32.o
 .bss           0x00800068        0x0 ./DELAY.o
 .bss           0x00800068        0x0 ./DIO_prog.o
 .bss           0x00800068        0x0 ./GIE_prog.o
 .bss           0x00800068        0x0 ./KEYPAD_prog.o
 .bss           0x00800068        0x0 ./LCD_prog.o
 .bss           0x00800068        0x0 ./UART.o
 .bss           0x00800068        0x0 ./UART_H.o
 .bss           0x00800068        0x0 ./main.o
 .bss           0x00800068        0x0 c:/winavr-20100110/bin/../lib/gcc/avr/4.3.3/avr5\libgcc.a(_mulsi3.o)
 .bss           0x00800068        0x0 c:/winavr-20100110/bin/../lib/gcc/avr/4.3.3/avr5\libgcc.a(_divmodqi4.o)
 .bss           0x00800068        0x0 c:/winavr-20100110/bin/../lib/gcc/avr/4.3.3/avr5\libgcc.a(_udivmodsi4.o)
 .bss           0x00800068        0x0 c:/winavr-20100110/bin/../lib/gcc/avr/4.3.3/avr5\libgcc.a(_exit.o)
 .bss           0x00800068        0x0 c:/winavr-20100110/bin/../lib/gcc/avr/4.3.3/avr5\libgcc.a(_copy_data.o)
 .bss           0x00800068        0x0 c:/winavr-20100110/bin/../lib/gcc/avr/4.3.3/avr5\libgcc.a(_clear_bss.o)
 .bss           0x00800068        0x0 c:/winavr-20100110/bin/../lib/gcc/avr/4.3.3/avr5\libgcc.a(_udivmodqi4.o)
 *(.bss*)
 .bss.u16ResultLoc
                0x00800068        0x2 ./KEYPAD_prog.o
 .bss.Currentindex
                0x0080006a        0x1 ./UART.o
 .bss.Data      0x0080006b       0x14 ./UART.o
 *(COMMON)
                0x0080007f                PROVIDE (__bss_end, .)
                0x00000dd4                __data_load_start = LOADADDR (.data)
                0x00000ddc                __data_load_end = (__data_load_start + SIZEOF (.data))

.noinit         0x0080007f        0x0
                0x0080007f                PROVIDE (__noinit_start, .)
 *(.noinit*)
                0x0080007f                PROVIDE (__noinit_end, .)
                0x0080007f                _end = .
                0x0080007f                PROVIDE (__heap_start, .)

.eeprom         0x00810000        0x0
 *(.eeprom*)
                0x00810000                __eeprom_end = .

.fuse
 *(.fuse)
 *(.lfuse)
 *(.hfuse)
 *(.efuse)

.lock
 *(.lock*)

.signature
 *(.signature*)

.stab           0x00000000     0x1704
 *(.stab)
 .stab          0x00000000      0x27c ./DELAY.o
 .stab          0x0000027c      0x390 ./DIO_prog.o
                                0x408 (size before relaxing)
 .stab          0x0000060c      0x144 ./GIE_prog.o
                                0x1bc (size before relaxing)
 .stab          0x00000750      0x2ac ./KEYPAD_prog.o
                                0x324 (size before relaxing)
 .stab          0x000009fc      0x4b0 ./LCD_prog.o
                                0x528 (size before relaxing)
 .stab          0x00000eac      0x3b4 ./UART.o
                                0x42c (size before relaxing)
 .stab          0x00001260      0x138 ./UART_H.o
                                0x1b0 (size before relaxing)
 .stab          0x00001398      0x36c ./main.o
                                0x3e4 (size before relaxing)

.stabstr        0x00000000      0x90c
 *(.stabstr)
 .stabstr       0x00000000      0x90c ./DELAY.o

.stab.excl
 *(.stab.excl)

.stab.exclstr
 *(.stab.exclstr)

.stab.index
 *(.stab.index)

.stab.indexstr
 *(.stab.indexstr)

.comment
 *(.comment)

.debug
 *(.debug)

.line
 *(.line)

.debug_srcinfo
 *(.debug_srcinfo)

.debug_sfnames
 *(.debug_sfnames)

.debug_aranges
 *(.debug_aranges)

.debug_pubnames
 *(.debug_pubnames)

.debug_info
 *(.debug_info)
 *(.gnu.linkonce.wi.*)

.debug_abbrev
 *(.debug_abbrev)

.debug_line
 *(.debug_line)

.debug_frame
 *(.debug_frame)

.debug_str
 *(.debug_str)

.debug_loc
 *(.debug_loc)

.debug_macinfo
 *(.debug_macinfo)
OUTPUT(UART_P1.elf elf32-avr)
LOAD linker stubs
