Archive member included because of file (symbol)

c:/winavr-20100110/bin/../lib/gcc/avr/4.3.3/avr5\libgcc.a(_udivmodsi4.o)
                              ./RTO2_prog.o (__udivmodsi4)
c:/winavr-20100110/bin/../lib/gcc/avr/4.3.3/avr5\libgcc.a(_exit.o)
                              c:/winavr-20100110/bin/../lib/gcc/avr/4.3.3/../../../../avr/lib/avr5/crtm32.o (exit)
c:/winavr-20100110/bin/../lib/gcc/avr/4.3.3/avr5\libgcc.a(_copy_data.o)
                              ./SWD_prog.o (__do_copy_data)
c:/winavr-20100110/bin/../lib/gcc/avr/4.3.3/avr5\libgcc.a(_clear_bss.o)
                              ./RTO2_prog.o (__do_clear_bss)

Memory Configuration

Name             Origin             Length             Attributes
text             0x00000000         0x00020000         xr
data             0x00800060         0x0000ffa0         rw !x
eeprom           0x00810000         0x00010000         rw !x
fuse             0x00820000         0x00000400         rw !x
lock             0x00830000         0x00000400         rw !x
signature        0x00840000         0x00000400         rw !x
*default*        0x00000000         0xffffffff

Linker script and memory map

LOAD c:/winavr-20100110/bin/../lib/gcc/avr/4.3.3/../../../../avr/lib/avr5/crtm32.o
LOAD ./DIO_prog.o
LOAD ./GIE_prog.o
LOAD ./RTO2_prog.o
LOAD ./SWD_prog.o
LOAD ./TIM_prog.o
LOAD ./main.o
LOAD c:/winavr-20100110/bin/../lib/gcc/avr/4.3.3/avr5\libgcc.a
LOAD c:/winavr-20100110/bin/../lib/gcc/avr/4.3.3/../../../../avr/lib/avr5\libc.a
LOAD c:/winavr-20100110/bin/../lib/gcc/avr/4.3.3/avr5\libgcc.a

.hash
 *(.hash)

.dynsym
 *(.dynsym)

.dynstr
 *(.dynstr)

.gnu.version
 *(.gnu.version)

.gnu.version_d
 *(.gnu.version_d)

.gnu.version_r
 *(.gnu.version_r)

.rel.init
 *(.rel.init)

.rela.init
 *(.rela.init)

.rel.text
 *(.rel.text)
 *(.rel.text.*)
 *(.rel.gnu.linkonce.t*)

.rela.text
 *(.rela.text)
 *(.rela.text.*)
 *(.rela.gnu.linkonce.t*)

.rel.fini
 *(.rel.fini)

.rela.fini
 *(.rela.fini)

.rel.rodata
 *(.rel.rodata)
 *(.rel.rodata.*)
 *(.rel.gnu.linkonce.r*)

.rela.rodata
 *(.rela.rodata)
 *(.rela.rodata.*)
 *(.rela.gnu.linkonce.r*)

.rel.data
 *(.rel.data)
 *(.rel.data.*)
 *(.rel.gnu.linkonce.d*)

.rela.data
 *(.rela.data)
 *(.rela.data.*)
 *(.rela.gnu.linkonce.d*)

.rel.ctors
 *(.rel.ctors)

.rela.ctors
 *(.rela.ctors)

.rel.dtors
 *(.rel.dtors)

.rela.dtors
 *(.rela.dtors)

.rel.got
 *(.rel.got)

.rela.got
 *(.rela.got)

.rel.bss
 *(.rel.bss)

.rela.bss
 *(.rela.bss)

.rel.plt
 *(.rel.plt)

.rela.plt
 *(.rela.plt)

.text           0x00000000     0x10d8
 *(.vectors)
 .vectors       0x00000000       0x54 c:/winavr-20100110/bin/../lib/gcc/avr/4.3.3/../../../../avr/lib/avr5/crtm32.o
                0x00000000                __vectors
                0x00000000                __vector_default
 *(.vectors)
 *(.progmem.gcc*)
 *(.progmem*)
                0x00000054                . = ALIGN (0x2)
                0x00000054                __trampolines_start = .
 *(.trampolines)
 .trampolines   0x00000054        0x0 linker stubs
 *(.trampolines*)
                0x00000054                __trampolines_end = .
 *(.jumptables)
 *(.jumptables*)
 *(.lowtext)
 *(.lowtext*)
                0x00000054                __ctors_start = .
 *(.ctors)
                0x00000054                __ctors_end = .
                0x00000054                __dtors_start = .
 *(.dtors)
                0x00000054                __dtors_end = .
 SORT(*)(.ctors)
 SORT(*)(.dtors)
 *(.init0)
 .init0         0x00000054        0x0 c:/winavr-20100110/bin/../lib/gcc/avr/4.3.3/../../../../avr/lib/avr5/crtm32.o
                0x00000054                __init
 *(.init0)
 *(.init1)
 *(.init1)
 *(.init2)
 .init2         0x00000054        0xc c:/winavr-20100110/bin/../lib/gcc/avr/4.3.3/../../../../avr/lib/avr5/crtm32.o
 *(.init2)
 *(.init3)
 *(.init3)
 *(.init4)
 .init4         0x00000060       0x16 c:/winavr-20100110/bin/../lib/gcc/avr/4.3.3/avr5\libgcc.a(_copy_data.o)
                0x00000060                __do_copy_data
 .init4         0x00000076       0x10 c:/winavr-20100110/bin/../lib/gcc/avr/4.3.3/avr5\libgcc.a(_clear_bss.o)
                0x00000076                __do_clear_bss
 *(.init4)
 *(.init5)
 *(.init5)
 *(.init6)
 *(.init6)
 *(.init7)
 *(.init7)
 *(.init8)
 *(.init8)
 *(.init9)
 .init9         0x00000086        0x8 c:/winavr-20100110/bin/../lib/gcc/avr/4.3.3/../../../../avr/lib/avr5/crtm32.o
 *(.init9)
 *(.text)
 .text          0x0000008e        0x4 c:/winavr-20100110/bin/../lib/gcc/avr/4.3.3/../../../../avr/lib/avr5/crtm32.o
                0x0000008e                __vector_1
                0x0000008e                __vector_12
                0x0000008e                __bad_interrupt
                0x0000008e                __vector_6
                0x0000008e                __vector_3
                0x0000008e                __vector_13
                0x0000008e                __vector_17
                0x0000008e                __vector_19
                0x0000008e                __vector_7
                0x0000008e                __vector_5
                0x0000008e                __vector_4
                0x0000008e                __vector_9
                0x0000008e                __vector_2
                0x0000008e                __vector_15
                0x0000008e                __vector_8
                0x0000008e                __vector_14
                0x0000008e                __vector_10
                0x0000008e                __vector_16
                0x0000008e                __vector_18
                0x0000008e                __vector_20
 .text          0x00000092        0x0 ./DIO_prog.o
 .text          0x00000092        0x0 ./GIE_prog.o
 .text          0x00000092        0x0 ./RTO2_prog.o
 .text          0x00000092        0x0 ./SWD_prog.o
 .text          0x00000092        0x0 ./TIM_prog.o
 .text          0x00000092        0x0 ./main.o
 .text          0x00000092        0x0 c:/winavr-20100110/bin/../lib/gcc/avr/4.3.3/avr5\libgcc.a(_udivmodsi4.o)
 .text          0x00000092        0x0 c:/winavr-20100110/bin/../lib/gcc/avr/4.3.3/avr5\libgcc.a(_exit.o)
 .text          0x00000092        0x0 c:/winavr-20100110/bin/../lib/gcc/avr/4.3.3/avr5\libgcc.a(_copy_data.o)
 .text          0x00000092        0x0 c:/winavr-20100110/bin/../lib/gcc/avr/4.3.3/avr5\libgcc.a(_clear_bss.o)
                0x00000092                . = ALIGN (0x2)
 *(.text.*)
 .text.DIO_voidInitialize
                0x00000092       0x2c ./DIO_prog.o
                0x00000092                DIO_voidInitialize
 .text.DIO_voidSetPinValue
                0x000000be      0x1b2 ./DIO_prog.o
                0x000000be                DIO_voidSetPinValue
 .text.DIO_u8GetPinValue
                0x00000270      0x160 ./DIO_prog.o
                0x00000270                DIO_u8GetPinValue
 .text.GIE_EnableGlobalInterrupt
                0x000003d0       0x1c ./GIE_prog.o
                0x000003d0                GIE_EnableGlobalInterrupt
 .text.GIE_DisableGlobalInterrupt
                0x000003ec       0x1c ./GIE_prog.o
                0x000003ec                GIE_DisableGlobalInterrupt
 .text.RTO_voidSchedular
                0x00000408      0x150 ./RTO2_prog.o
 .text.RTO_voidInitialize
                0x00000558       0xf4 ./RTO2_prog.o
                0x00000558                RTO_voidInitialize
 .text.RTO_voidCreateTask
                0x0000064c       0x3c ./RTO2_prog.o
                0x0000064c                RTO_voidCreateTask
 .text.RTO_voidDeleteTask
                0x00000688       0x28 ./RTO2_prog.o
                0x00000688                RTO_voidDeleteTask
 .text.RTO_voidSetTaskState
                0x000006b0       0x32 ./RTO2_prog.o
                0x000006b0                RTO_voidSetTaskState
 .text.SWD_u8GetSwitchState
                0x000006e2       0x6c ./SWD_prog.o
                0x000006e2                SWD_u8GetSwitchState
 .text.TIM_voidInitialize
                0x0000074e       0x3a ./TIM_prog.o
                0x0000074e                TIM_voidInitialize
 .text.TIM_voidEnableInt
                0x00000788       0x1c ./TIM_prog.o
                0x00000788                TIM_voidEnableInt
 .text.TIM_voidDisableInt
                0x000007a4       0x1c ./TIM_prog.o
                0x000007a4                TIM_voidDisableInt
 .text.TIM_voidSetCallBack
                0x000007c0       0x24 ./TIM_prog.o
                0x000007c0                TIM_voidSetCallBack
 .text.TIM_voidInitRegister
                0x000007e4       0x1c ./TIM_prog.o
                0x000007e4                TIM_voidInitRegister
 .text.__vector_11
                0x00000800       0x5a ./TIM_prog.o
                0x00000800                __vector_11
 .text.main     0x0000085a      0x16a ./main.o
                0x0000085a                main
 .text.draw     0x000009c4       0xc8 ./main.o
                0x000009c4                draw
 .text.updateGame
                0x00000a8c      0x226 ./main.o
                0x00000a8c                updateGame
 .text.switches
                0x00000cb2       0x40 ./main.o
                0x00000cb2                switches
 .text.voidShiftLeft
                0x00000cf2       0x80 ./main.o
                0x00000cf2                voidShiftLeft
 .text.voidShiftLeftLarge
                0x00000d72       0x80 ./main.o
                0x00000d72                voidShiftLeftLarge
 .text.voidShiftRight
                0x00000df2       0x7e ./main.o
                0x00000df2                voidShiftRight
 .text.voidShiftDown
                0x00000e70       0xda ./main.o
                0x00000e70                voidShiftDown
 .text.voidShiftUp
                0x00000f4a       0xa8 ./main.o
                0x00000f4a                voidShiftUp
 .text.Reset    0x00000ff2       0x80 ./main.o
                0x00000ff2                Reset
 .text.GameOverTask
                0x00001072       0x1e ./main.o
                0x00001072                GameOverTask
 .text.libgcc   0x00001090       0x44 c:/winavr-20100110/bin/../lib/gcc/avr/4.3.3/avr5\libgcc.a(_udivmodsi4.o)
                0x00001090                __udivmodsi4
 .text.libgcc   0x000010d4        0x0 c:/winavr-20100110/bin/../lib/gcc/avr/4.3.3/avr5\libgcc.a(_exit.o)
 .text.libgcc   0x000010d4        0x0 c:/winavr-20100110/bin/../lib/gcc/avr/4.3.3/avr5\libgcc.a(_copy_data.o)
 .text.libgcc   0x000010d4        0x0 c:/winavr-20100110/bin/../lib/gcc/avr/4.3.3/avr5\libgcc.a(_clear_bss.o)
                0x000010d4                . = ALIGN (0x2)
 *(.fini9)
 .fini9         0x000010d4        0x0 c:/winavr-20100110/bin/../lib/gcc/avr/4.3.3/avr5\libgcc.a(_exit.o)
                0x000010d4                exit
                0x000010d4                _exit
 *(.fini9)
 *(.fini8)
 *(.fini8)
 *(.fini7)
 *(.fini7)
 *(.fini6)
 *(.fini6)
 *(.fini5)
 *(.fini5)
 *(.fini4)
 *(.fini4)
 *(.fini3)
 *(.fini3)
 *(.fini2)
 *(.fini2)
 *(.fini1)
 *(.fini1)
 *(.fini0)
 .fini0         0x000010d4        0x4 c:/winavr-20100110/bin/../lib/gcc/avr/4.3.3/avr5\libgcc.a(_exit.o)
 *(.fini0)
                0x000010d8                _etext = .

.data           0x00800060       0xa0 load address 0x000010d8
                0x00800060                PROVIDE (__data_start, .)
 *(.data)
 .data          0x00800060        0x0 c:/winavr-20100110/bin/../lib/gcc/avr/4.3.3/../../../../avr/lib/avr5/crtm32.o
 .data          0x00800060        0x0 ./DIO_prog.o
 .data          0x00800060        0x0 ./GIE_prog.o
 .data          0x00800060        0x0 ./RTO2_prog.o
 .data          0x00800060        0x0 ./SWD_prog.o
 .data          0x00800060        0x0 ./TIM_prog.o
 .data          0x00800060        0x0 ./main.o
 .data          0x00800060        0x0 c:/winavr-20100110/bin/../lib/gcc/avr/4.3.3/avr5\libgcc.a(_udivmodsi4.o)
 .data          0x00800060        0x0 c:/winavr-20100110/bin/../lib/gcc/avr/4.3.3/avr5\libgcc.a(_exit.o)
 .data          0x00800060        0x0 c:/winavr-20100110/bin/../lib/gcc/avr/4.3.3/avr5\libgcc.a(_copy_data.o)
 .data          0x00800060        0x0 c:/winavr-20100110/bin/../lib/gcc/avr/4.3.3/avr5\libgcc.a(_clear_bss.o)
 *(.data*)
 .data.SWD_u8SwToDioLink
                0x00800060        0x3 ./SWD_prog.o
                0x00800060                SWD_u8SwToDioLink
 .data.madrabbackup
                0x00800063        0x8 ./main.o
                0x00800063                madrabbackup
 .data.korabackup
                0x0080006b        0x8 ./main.o
                0x0080006b                korabackup
 .data.bricksbackup
                0x00800073        0x8 ./main.o
                0x00800073                bricksbackup
 .data.madrab   0x0080007b        0x8 ./main.o
                0x0080007b                madrab
 .data.kora     0x00800083        0x8 ./main.o
                0x00800083                kora
 .data.bricks   0x0080008b        0x8 ./main.o
                0x0080008b                bricks
 .data.GameOver
                0x00800093       0x28 ./main.o
                0x00800093                GameOver
 .data.GameOverBackup
                0x008000bb       0x28 ./main.o
                0x008000bb                GameOverBackup
 .data.up       0x008000e3        0x1 ./main.o
 .data.u8ColsActivationLoc
                0x008000e4        0x8 ./main.o
                0x008000e4                u8ColsActivationLoc
 *(.rodata)
 *(.rodata*)
 .rodata.C.3.1275
                0x008000ec        0x5 ./main.o
 .rodata.C.2.1274
                0x008000f1        0x5 ./main.o
 .rodata.C.1.1273
                0x008000f6        0x5 ./main.o
 .rodata.C.0.1272
                0x008000fb        0x5 ./main.o
 *(.gnu.linkonce.d*)
                0x00800100                . = ALIGN (0x2)
                0x00800100                _edata = .
                0x00800100                PROVIDE (__data_end, .)

.bss            0x00800100       0x19
                0x00800100                PROVIDE (__bss_start, .)
 *(.bss)
 .bss           0x00800100        0x0 c:/winavr-20100110/bin/../lib/gcc/avr/4.3.3/../../../../avr/lib/avr5/crtm32.o
 .bss           0x00800100        0x0 ./DIO_prog.o
 .bss           0x00800100        0x0 ./GIE_prog.o
 .bss           0x00800100        0x0 ./RTO2_prog.o
 .bss           0x00800100        0x0 ./SWD_prog.o
 .bss           0x00800100        0x0 ./TIM_prog.o
 .bss           0x00800100        0x0 ./main.o
 .bss           0x00800100        0x0 c:/winavr-20100110/bin/../lib/gcc/avr/4.3.3/avr5\libgcc.a(_udivmodsi4.o)
 .bss           0x00800100        0x0 c:/winavr-20100110/bin/../lib/gcc/avr/4.3.3/avr5\libgcc.a(_exit.o)
 .bss           0x00800100        0x0 c:/winavr-20100110/bin/../lib/gcc/avr/4.3.3/avr5\libgcc.a(_copy_data.o)
 .bss           0x00800100        0x0 c:/winavr-20100110/bin/../lib/gcc/avr/4.3.3/avr5\libgcc.a(_clear_bss.o)
 *(.bss*)
 .bss.RTO_u32OvfCount
                0x00800100        0x4 ./RTO2_prog.o
                0x00800100                RTO_u32OvfCount
 .bss.RTO_u8_INITValue
                0x00800104        0x1 ./RTO2_prog.o
                0x00800104                RTO_u8_INITValue
 .bss.RTO_u32OvfIncreament
                0x00800105        0x4 ./RTO2_prog.o
                0x00800105                RTO_u32OvfIncreament
 .bss.RTO_SYSTASKS
                0x00800109        0x8 ./RTO2_prog.o
                0x00800109                RTO_SYSTASKS
 .bss.SWD_u8SwOpenState
                0x00800111        0x3 ./SWD_prog.o
                0x00800111                SWD_u8SwOpenState
 .bss.TIM_CallBack
                0x00800114        0x2 ./TIM_prog.o
 .bss.lose      0x00800116        0x1 ./main.o
 .bss.j.1280    0x00800117        0x1 ./main.o
 .bss.i.1279    0x00800118        0x1 ./main.o
 *(COMMON)
                0x00800119                PROVIDE (__bss_end, .)
                0x000010d8                __data_load_start = LOADADDR (.data)
                0x00001178                __data_load_end = (__data_load_start + SIZEOF (.data))

.noinit         0x00800119        0x0
                0x00800119                PROVIDE (__noinit_start, .)
 *(.noinit*)
                0x00800119                PROVIDE (__noinit_end, .)
                0x00800119                _end = .
                0x00800119                PROVIDE (__heap_start, .)

.eeprom         0x00810000        0x0
 *(.eeprom*)
                0x00810000                __eeprom_end = .

.fuse
 *(.fuse)
 *(.lfuse)
 *(.hfuse)
 *(.efuse)

.lock
 *(.lock*)

.signature
 *(.signature*)

.stab           0x00000000     0x186c
 *(.stab)
 .stab          0x00000000      0x408 ./DIO_prog.o
 .stab          0x00000408      0x144 ./GIE_prog.o
                                0x1bc (size before relaxing)
 .stab          0x0000054c      0x39c ./RTO2_prog.o
                                0x414 (size before relaxing)
 .stab          0x000008e8      0x204 ./SWD_prog.o
                                0x27c (size before relaxing)
 .stab          0x00000aec      0x24c ./TIM_prog.o
                                0x2c4 (size before relaxing)
 .stab          0x00000d38      0xb34 ./main.o
                                0xbf4 (size before relaxing)

.stabstr        0x00000000      0xabf
 *(.stabstr)
 .stabstr       0x00000000      0xabf ./DIO_prog.o

.stab.excl
 *(.stab.excl)

.stab.exclstr
 *(.stab.exclstr)

.stab.index
 *(.stab.index)

.stab.indexstr
 *(.stab.indexstr)

.comment
 *(.comment)

.debug
 *(.debug)

.line
 *(.line)

.debug_srcinfo
 *(.debug_srcinfo)

.debug_sfnames
 *(.debug_sfnames)

.debug_aranges
 *(.debug_aranges)

.debug_pubnames
 *(.debug_pubnames)

.debug_info
 *(.debug_info)
 *(.gnu.linkonce.wi.*)

.debug_abbrev
 *(.debug_abbrev)

.debug_line
 *(.debug_line)

.debug_frame
 *(.debug_frame)

.debug_str
 *(.debug_str)

.debug_loc
 *(.debug_loc)

.debug_macinfo
 *(.debug_macinfo)
OUTPUT(bricks.elf elf32-avr)
LOAD linker stubs
